Archive member included because of file (symbol)

c:/ac6/systemworkbench/plugins/fr.ac6.mcu.externaltools.arm-none.win32_1.3.0.201507241045/tools/compiler/bin/../lib/gcc/arm-none-eabi/4.9.3/../../../../arm-none-eabi/lib/armv7e-m/fpu\libc_nano.a(lib_a-exit.o)
                              c:/ac6/systemworkbench/plugins/fr.ac6.mcu.externaltools.arm-none.win32_1.3.0.201507241045/tools/compiler/bin/../lib/gcc/arm-none-eabi/4.9.3/../../../../arm-none-eabi/lib/armv7e-m/fpu/crt0.o (exit)
c:/ac6/systemworkbench/plugins/fr.ac6.mcu.externaltools.arm-none.win32_1.3.0.201507241045/tools/compiler/bin/../lib/gcc/arm-none-eabi/4.9.3/../../../../arm-none-eabi/lib/armv7e-m/fpu\libc_nano.a(lib_a-impure.o)
                              c:/ac6/systemworkbench/plugins/fr.ac6.mcu.externaltools.arm-none.win32_1.3.0.201507241045/tools/compiler/bin/../lib/gcc/arm-none-eabi/4.9.3/../../../../arm-none-eabi/lib/armv7e-m/fpu\libc_nano.a(lib_a-exit.o) (_global_impure_ptr)
c:/ac6/systemworkbench/plugins/fr.ac6.mcu.externaltools.arm-none.win32_1.3.0.201507241045/tools/compiler/bin/../lib/gcc/arm-none-eabi/4.9.3/../../../../arm-none-eabi/lib/armv7e-m/fpu\libc_nano.a(lib_a-init.o)
                              c:/ac6/systemworkbench/plugins/fr.ac6.mcu.externaltools.arm-none.win32_1.3.0.201507241045/tools/compiler/bin/../lib/gcc/arm-none-eabi/4.9.3/../../../../arm-none-eabi/lib/armv7e-m/fpu/crt0.o (__libc_init_array)
c:/ac6/systemworkbench/plugins/fr.ac6.mcu.externaltools.arm-none.win32_1.3.0.201507241045/tools/compiler/bin/../lib/gcc/arm-none-eabi/4.9.3/../../../../arm-none-eabi/lib/armv7e-m/fpu\libc_nano.a(lib_a-memset.o)
                              c:/ac6/systemworkbench/plugins/fr.ac6.mcu.externaltools.arm-none.win32_1.3.0.201507241045/tools/compiler/bin/../lib/gcc/arm-none-eabi/4.9.3/../../../../arm-none-eabi/lib/armv7e-m/fpu/crt0.o (memset)
c:/ac6/systemworkbench/plugins/fr.ac6.mcu.externaltools.arm-none.win32_1.3.0.201507241045/tools/compiler/bin/../lib/gcc/arm-none-eabi/4.9.3/../../../../arm-none-eabi/lib/armv7e-m/fpu\libnosys.a(_exit.o)
                              c:/ac6/systemworkbench/plugins/fr.ac6.mcu.externaltools.arm-none.win32_1.3.0.201507241045/tools/compiler/bin/../lib/gcc/arm-none-eabi/4.9.3/../../../../arm-none-eabi/lib/armv7e-m/fpu\libc_nano.a(lib_a-exit.o) (_exit)

Allocating common symbols
Common symbol       size              file

hi2c1               0x54              Application/User/i2c.o
uwTick              0x4               Drivers/STM32F4xx_HAL_Driver/stm32f4xx_hal.o
pFlash              0x20              Drivers/STM32F4xx_HAL_Driver/stm32f4xx_hal_flash.o
mpu1                0x1c              Application/User/main.o

Discarded input sections

 .text          0x00000000        0x0 c:/ac6/systemworkbench/plugins/fr.ac6.mcu.externaltools.arm-none.win32_1.3.0.201507241045/tools/compiler/bin/../lib/gcc/arm-none-eabi/4.9.3/armv7e-m/fpu/crti.o
 .data          0x00000000        0x0 c:/ac6/systemworkbench/plugins/fr.ac6.mcu.externaltools.arm-none.win32_1.3.0.201507241045/tools/compiler/bin/../lib/gcc/arm-none-eabi/4.9.3/armv7e-m/fpu/crti.o
 .bss           0x00000000        0x0 c:/ac6/systemworkbench/plugins/fr.ac6.mcu.externaltools.arm-none.win32_1.3.0.201507241045/tools/compiler/bin/../lib/gcc/arm-none-eabi/4.9.3/armv7e-m/fpu/crti.o
 .data          0x00000000        0x4 c:/ac6/systemworkbench/plugins/fr.ac6.mcu.externaltools.arm-none.win32_1.3.0.201507241045/tools/compiler/bin/../lib/gcc/arm-none-eabi/4.9.3/armv7e-m/fpu/crtbegin.o
 .text          0x00000000       0x74 c:/ac6/systemworkbench/plugins/fr.ac6.mcu.externaltools.arm-none.win32_1.3.0.201507241045/tools/compiler/bin/../lib/gcc/arm-none-eabi/4.9.3/../../../../arm-none-eabi/lib/armv7e-m/fpu/crt0.o
 .data          0x00000000        0x0 c:/ac6/systemworkbench/plugins/fr.ac6.mcu.externaltools.arm-none.win32_1.3.0.201507241045/tools/compiler/bin/../lib/gcc/arm-none-eabi/4.9.3/../../../../arm-none-eabi/lib/armv7e-m/fpu/crt0.o
 .bss           0x00000000        0x0 c:/ac6/systemworkbench/plugins/fr.ac6.mcu.externaltools.arm-none.win32_1.3.0.201507241045/tools/compiler/bin/../lib/gcc/arm-none-eabi/4.9.3/../../../../arm-none-eabi/lib/armv7e-m/fpu/crt0.o
 .ARM.extab     0x00000000        0x0 c:/ac6/systemworkbench/plugins/fr.ac6.mcu.externaltools.arm-none.win32_1.3.0.201507241045/tools/compiler/bin/../lib/gcc/arm-none-eabi/4.9.3/../../../../arm-none-eabi/lib/armv7e-m/fpu/crt0.o
 .ARM.exidx     0x00000000        0x8 c:/ac6/systemworkbench/plugins/fr.ac6.mcu.externaltools.arm-none.win32_1.3.0.201507241045/tools/compiler/bin/../lib/gcc/arm-none-eabi/4.9.3/../../../../arm-none-eabi/lib/armv7e-m/fpu/crt0.o
 .ARM.attributes
                0x00000000       0x20 c:/ac6/systemworkbench/plugins/fr.ac6.mcu.externaltools.arm-none.win32_1.3.0.201507241045/tools/compiler/bin/../lib/gcc/arm-none-eabi/4.9.3/../../../../arm-none-eabi/lib/armv7e-m/fpu/crt0.o
 .group         0x00000000        0x8 Drivers/STM32F4xx_HAL_Driver/stm32f4xx_hal.o
[...]
Memory Configuration

Name             Origin             Length             Attributes
FLASH            0x08000000         0x00100000         xr
RAM              0x20000000         0x00020000         xrw
CCMRAM           0x10000000         0x00010000         rw
*default*        0x00000000         0xffffffff

Linker script and memory map

LOAD c:/ac6/systemworkbench/plugins/fr.ac6.mcu.externaltools.arm-none.win32_1.3.0.201507241045/tools/compiler/bin/../lib/gcc/arm-none-eabi/4.9.3/armv7e-m/fpu/crti.o
LOAD c:/ac6/systemworkbench/plugins/fr.ac6.mcu.externaltools.arm-none.win32_1.3.0.201507241045/tools/compiler/bin/../lib/gcc/arm-none-eabi/4.9.3/armv7e-m/fpu/crtbegin.o
LOAD c:/ac6/systemworkbench/plugins/fr.ac6.mcu.externaltools.arm-none.win32_1.3.0.201507241045/tools/compiler/bin/../lib/gcc/arm-none-eabi/4.9.3/../../../../arm-none-eabi/lib/armv7e-m/fpu/crt0.o
LOAD c:/ac6/systemworkbench/plugins/fr.ac6.mcu.externaltools.arm-none.win32_1.3.0.201507241045/tools/compiler/bin/../lib/gcc/arm-none-eabi/4.9.3/../../../../arm-none-eabi/lib/armv7e-m/fpu\libm.a
LOAD Drivers/STM32F4xx_HAL_Driver/stm32f4xx_hal.o
LOAD Drivers/STM32F4xx_HAL_Driver/stm32f4xx_hal_cortex.o
LOAD Drivers/STM32F4xx_HAL_Driver/stm32f4xx_hal_dma.o
LOAD Drivers/STM32F4xx_HAL_Driver/stm32f4xx_hal_dma_ex.o
LOAD Drivers/STM32F4xx_HAL_Driver/stm32f4xx_hal_flash.o
LOAD Drivers/STM32F4xx_HAL_Driver/stm32f4xx_hal_flash_ex.o
LOAD Drivers/STM32F4xx_HAL_Driver/stm32f4xx_hal_flash_ramfunc.o
LOAD Drivers/STM32F4xx_HAL_Driver/stm32f4xx_hal_gpio.o
LOAD Drivers/STM32F4xx_HAL_Driver/stm32f4xx_hal_i2c.o
LOAD Drivers/STM32F4xx_HAL_Driver/stm32f4xx_hal_i2c_ex.o
LOAD Drivers/STM32F4xx_HAL_Driver/stm32f4xx_hal_pwr.o
LOAD Drivers/STM32F4xx_HAL_Driver/stm32f4xx_hal_pwr_ex.o
LOAD Drivers/STM32F4xx_HAL_Driver/stm32f4xx_hal_rcc.o
LOAD Drivers/STM32F4xx_HAL_Driver/stm32f4xx_hal_rcc_ex.o
LOAD Drivers/STM32F4xx_HAL_Driver/stm32f4xx_hal_tim.o
LOAD Drivers/STM32F4xx_HAL_Driver/stm32f4xx_hal_tim_ex.o
LOAD Drivers/CMSIS/system_stm32f4xx.o
LOAD Application/User/EV_MPU6050_hal.o
LOAD Application/User/gpio.o
LOAD Application/User/i2c.o
LOAD Application/User/main.o
LOAD Application/User/stm32f4xx_hal_msp.o
LOAD Application/User/stm32f4xx_it.o
LOAD Application/SW4STM32/startup_stm32f407xx.o
START GROUP
LOAD c:/ac6/systemworkbench/plugins/fr.ac6.mcu.externaltools.arm-none.win32_1.3.0.201507241045/tools/compiler/bin/../lib/gcc/arm-none-eabi/4.9.3/armv7e-m/fpu\libgcc.a
LOAD c:/ac6/systemworkbench/plugins/fr.ac6.mcu.externaltools.arm-none.win32_1.3.0.201507241045/tools/compiler/bin/../lib/gcc/arm-none-eabi/4.9.3/../../../../arm-none-eabi/lib/armv7e-m/fpu\libc_nano.a
END GROUP
START GROUP
LOAD c:/ac6/systemworkbench/plugins/fr.ac6.mcu.externaltools.arm-none.win32_1.3.0.201507241045/tools/compiler/bin/../lib/gcc/arm-none-eabi/4.9.3/armv7e-m/fpu\libgcc.a
LOAD c:/ac6/systemworkbench/plugins/fr.ac6.mcu.externaltools.arm-none.win32_1.3.0.201507241045/tools/compiler/bin/../lib/gcc/arm-none-eabi/4.9.3/../../../../arm-none-eabi/lib/armv7e-m/fpu\libc_nano.a
LOAD c:/ac6/systemworkbench/plugins/fr.ac6.mcu.externaltools.arm-none.win32_1.3.0.201507241045/tools/compiler/bin/../lib/gcc/arm-none-eabi/4.9.3/../../../../arm-none-eabi/lib/armv7e-m/fpu\libnosys.a
END GROUP
START GROUP
LOAD c:/ac6/systemworkbench/plugins/fr.ac6.mcu.externaltools.arm-none.win32_1.3.0.201507241045/tools/compiler/bin/../lib/gcc/arm-none-eabi/4.9.3/armv7e-m/fpu\libgcc.a
LOAD c:/ac6/systemworkbench/plugins/fr.ac6.mcu.externaltools.arm-none.win32_1.3.0.201507241045/tools/compiler/bin/../lib/gcc/arm-none-eabi/4.9.3/../../../../arm-none-eabi/lib/armv7e-m/fpu\libc_nano.a
LOAD c:/ac6/systemworkbench/plugins/fr.ac6.mcu.externaltools.arm-none.win32_1.3.0.201507241045/tools/compiler/bin/../lib/gcc/arm-none-eabi/4.9.3/../../../../arm-none-eabi/lib/armv7e-m/fpu\libnosys.a
END GROUP
LOAD c:/ac6/systemworkbench/plugins/fr.ac6.mcu.externaltools.arm-none.win32_1.3.0.201507241045/tools/compiler/bin/../lib/gcc/arm-none-eabi/4.9.3/armv7e-m/fpu/crtend.o
LOAD c:/ac6/systemworkbench/plugins/fr.ac6.mcu.externaltools.arm-none.win32_1.3.0.201507241045/tools/compiler/bin/../lib/gcc/arm-none-eabi/4.9.3/armv7e-m/fpu/crtn.o
                0x20020000                _estack = 0x20020000
                0x00000200                _Min_Heap_Size = 0x200
                0x00000400                _Min_Stack_Size = 0x400

.isr_vector     0x08000000      0x188
                0x08000000                . = ALIGN (0x4)
 *(.isr_vector)
 .isr_vector    0x08000000      0x188 Application/SW4STM32/startup_stm32f407xx.o
                0x08000000                g_pfnVectors
                0x08000188                . = ALIGN (0x4)

.text           0x08000188     0x1bdc
                0x08000188                . = ALIGN (0x4)
 *(.text)
 .text          0x08000188       0x5c c:/ac6/systemworkbench/plugins/fr.ac6.mcu.externaltools.arm-none.win32_1.3.0.201507241045/tools/compiler/bin/../lib/gcc/arm-none-eabi/4.9.3/armv7e-m/fpu/crtbegin.o
 *(.text*)
 .text.HAL_InitTick
                0x080001e4       0x28 Drivers/STM32F4xx_HAL_Driver/stm32f4xx_hal.o
                0x080001e4                HAL_InitTick
 .text.HAL_Init
                0x0800020c       0x34 Drivers/STM32F4xx_HAL_Driver/stm32f4xx_hal.o
                0x0800020c                HAL_Init
 .text.HAL_IncTick
                0x08000240       0x10 Drivers/STM32F4xx_HAL_Driver/stm32f4xx_hal.o
                0x08000240                HAL_IncTick
 .text.HAL_GetTick
                0x08000250        0xc Drivers/STM32F4xx_HAL_Driver/stm32f4xx_hal.o
                0x08000250                HAL_GetTick
 .text.HAL_Delay
                0x0800025c       0x1a Drivers/STM32F4xx_HAL_Driver/stm32f4xx_hal.o
                0x0800025c                HAL_Delay
 *fill*         0x08000276        0x2 
 .text.HAL_NVIC_SetPriorityGrouping
                0x08000278       0x38 Drivers/STM32F4xx_HAL_Driver/stm32f4xx_hal_cortex.o
                0x08000278                HAL_NVIC_SetPriorityGrouping
 .text.HAL_NVIC_SetPriority
                0x080002b0       0x84 Drivers/STM32F4xx_HAL_Driver/stm32f4xx_hal_cortex.o
                0x080002b0                HAL_NVIC_SetPriority
 .text.HAL_SYSTICK_Config
                0x08000334       0x2c Drivers/STM32F4xx_HAL_Driver/stm32f4xx_hal_cortex.o
                0x08000334                HAL_SYSTICK_Config
 .text.HAL_SYSTICK_CLKSourceConfig
                0x08000360       0x30 Drivers/STM32F4xx_HAL_Driver/stm32f4xx_hal_cortex.o
                0x08000360                HAL_SYSTICK_CLKSourceConfig
 .text.HAL_SYSTICK_Callback
                0x08000390        0x2 Drivers/STM32F4xx_HAL_Driver/stm32f4xx_hal_cortex.o
                0x08000390                HAL_SYSTICK_Callback
 .text.HAL_SYSTICK_IRQHandler
                0x08000392        0x8 Drivers/STM32F4xx_HAL_Driver/stm32f4xx_hal_cortex.o
                0x08000392                HAL_SYSTICK_IRQHandler
 *fill*         0x0800039a        0x2 
 .text.HAL_GPIO_Init
                0x0800039c      0x278 Drivers/STM32F4xx_HAL_Driver/stm32f4xx_hal_gpio.o
                0x0800039c                HAL_GPIO_Init
 .text.I2C_IsAcknowledgeFailed
                0x08000614       0x2c Drivers/STM32F4xx_HAL_Driver/stm32f4xx_hal_i2c.o
 .text.I2C_WaitOnFlagUntilTimeout
                0x08000640       0x5a Drivers/STM32F4xx_HAL_Driver/stm32f4xx_hal_i2c.o
 .text.I2C_WaitOnMasterAddressFlagUntilTimeout
                0x0800069a       0x82 Drivers/STM32F4xx_HAL_Driver/stm32f4xx_hal_i2c.o
 .text.I2C_MasterRequestRead
                0x0800071c       0xe8 Drivers/STM32F4xx_HAL_Driver/stm32f4xx_hal_i2c.o
 .text.I2C_MasterRequestWrite
                0x08000804       0x98 Drivers/STM32F4xx_HAL_Driver/stm32f4xx_hal_i2c.o
 .text.I2C_WaitOnTXEFlagUntilTimeout
                0x0800089c       0x4c Drivers/STM32F4xx_HAL_Driver/stm32f4xx_hal_i2c.o
 .text.I2C_WaitOnBTFFlagUntilTimeout
                0x080008e8       0x4c Drivers/STM32F4xx_HAL_Driver/stm32f4xx_hal_i2c.o
 .text.I2C_WaitOnRXNEFlagUntilTimeout
                0x08000934       0x5a Drivers/STM32F4xx_HAL_Driver/stm32f4xx_hal_i2c.o
 *fill*         0x0800098e        0x2 
 .text.HAL_I2C_Init
                0x08000990      0x1a8 Drivers/STM32F4xx_HAL_Driver/stm32f4xx_hal_i2c.o
                0x08000990                HAL_I2C_Init
 .text.HAL_I2C_Master_Transmit
                0x08000b38      0x118 Drivers/STM32F4xx_HAL_Driver/stm32f4xx_hal_i2c.o
                0x08000b38                HAL_I2C_Master_Transmit
 .text.HAL_I2C_Master_Receive
                0x08000c50      0x1d4 Drivers/STM32F4xx_HAL_Driver/stm32f4xx_hal_i2c.o
                0x08000c50                HAL_I2C_Master_Receive
 .text.HAL_I2C_IsDeviceReady
                0x08000e24      0x130 Drivers/STM32F4xx_HAL_Driver/stm32f4xx_hal_i2c.o
                0x08000e24                HAL_I2C_IsDeviceReady
 .text.HAL_RCC_OscConfig
                0x08000f54      0x3b0 Drivers/STM32F4xx_HAL_Driver/stm32f4xx_hal_rcc.o
                0x08000f54                HAL_RCC_OscConfig
 .text.HAL_RCC_GetSysClockFreq
                0x08001304       0x80 Drivers/STM32F4xx_HAL_Driver/stm32f4xx_hal_rcc.o
                0x08001304                HAL_RCC_GetSysClockFreq
 .text.HAL_RCC_ClockConfig
                0x08001384      0x220 Drivers/STM32F4xx_HAL_Driver/stm32f4xx_hal_rcc.o
                0x08001384                HAL_RCC_ClockConfig
 .text.HAL_RCC_GetHCLKFreq
                0x080015a4        0xc Drivers/STM32F4xx_HAL_Driver/stm32f4xx_hal_rcc.o
                0x080015a4                HAL_RCC_GetHCLKFreq
 .text.HAL_RCC_GetPCLK1Freq
                0x080015b0       0x30 Drivers/STM32F4xx_HAL_Driver/stm32f4xx_hal_rcc.o
                0x080015b0                HAL_RCC_GetPCLK1Freq
 .text.SystemInit
                0x080015e0       0x4c Drivers/CMSIS/system_stm32f4xx.o
                0x080015e0                SystemInit
 .text.MPU6050_SetDataRate
                0x0800162c       0x2c Application/User/EV_MPU6050_hal.o
                0x0800162c                MPU6050_SetDataRate
 .text.MPU6050_SetAccelerometer
                0x08001658       0x9c Application/User/EV_MPU6050_hal.o
                0x08001658                MPU6050_SetAccelerometer
 .text.MPU6050_SetGyroscope
                0x080016f4       0xa4 Application/User/EV_MPU6050_hal.o
                0x080016f4                MPU6050_SetGyroscope
 .text.MPU6050_Init
                0x08001798       0xa6 Application/User/EV_MPU6050_hal.o
                0x08001798                MPU6050_Init
 .text.MPU6050_ReadAccelerometer
                0x0800183e       0x6e Application/User/EV_MPU6050_hal.o
                0x0800183e                MPU6050_ReadAccelerometer
 .text.MPU6050_ReadGyroscope
                0x080018ac       0x6e Application/User/EV_MPU6050_hal.o
                0x080018ac                MPU6050_ReadGyroscope
 *fill*         0x0800191a        0x2 
 .text.MPU6050_ReadTemperature
                0x0800191c       0x78 Application/User/EV_MPU6050_hal.o
                0x0800191c                MPU6050_ReadTemperature
 .text.MX_GPIO_Init
                0x08001994      0x104 Application/User/gpio.o
                0x08001994                MX_GPIO_Init
 .text.MX_I2C1_Init
                0x08001a98       0x40 Application/User/i2c.o
                0x08001a98                MX_I2C1_Init
 .text.HAL_I2C_MspInit
                0x08001ad8       0x54 Application/User/i2c.o
                0x08001ad8                HAL_I2C_MspInit
 .text.SystemClock_Config
                0x08001b2c       0xa8 Application/User/main.o
                0x08001b2c                SystemClock_Config
 .text.startup.main
                0x08001bd4       0x54 Application/User/main.o
                0x08001bd4                main
 .text.Error_Handler
                0x08001c28        0x2 Application/User/main.o
                0x08001c28                Error_Handler
 .text.assert_failed
                0x08001c2a        0x2 Application/User/main.o
                0x08001c2a                assert_failed
 .text.HAL_MspInit
                0x08001c2c       0x60 Application/User/stm32f4xx_hal_msp.o
                0x08001c2c                HAL_MspInit
 .text.NMI_Handler
                0x08001c8c        0x2 Application/User/stm32f4xx_it.o
                0x08001c8c                NMI_Handler
 .text.HardFault_Handler
                0x08001c8e        0x2 Application/User/stm32f4xx_it.o
                0x08001c8e                HardFault_Handler
 .text.MemManage_Handler
                0x08001c90        0x2 Application/User/stm32f4xx_it.o
                0x08001c90                MemManage_Handler
 .text.BusFault_Handler
                0x08001c92        0x2 Application/User/stm32f4xx_it.o
                0x08001c92                BusFault_Handler
 .text.UsageFault_Handler
                0x08001c94        0x2 Application/User/stm32f4xx_it.o
                0x08001c94                UsageFault_Handler
 .text.SVC_Handler
                0x08001c96        0x2 Application/User/stm32f4xx_it.o
                0x08001c96                SVC_Handler
 .text.DebugMon_Handler
                0x08001c98        0x2 Application/User/stm32f4xx_it.o
                0x08001c98                DebugMon_Handler
 .text.PendSV_Handler
                0x08001c9a        0x2 Application/User/stm32f4xx_it.o
                0x08001c9a                PendSV_Handler
 .text.SysTick_Handler
                0x08001c9c        0xe Application/User/stm32f4xx_it.o
                0x08001c9c                SysTick_Handler
 *fill*         0x08001caa        0x2 
 .text.Reset_Handler
                0x08001cac       0x50 Application/SW4STM32/startup_stm32f407xx.o
                0x08001cac                Reset_Handler
 .text.Default_Handler
                0x08001cfc        0x2 Application/SW4STM32/startup_stm32f407xx.o
                0x08001cfc                RTC_Alarm_IRQHandler
                0x08001cfc                HASH_RNG_IRQHandler
                0x08001cfc                EXTI2_IRQHandler
                0x08001cfc                TIM8_CC_IRQHandler
                0x08001cfc                TIM1_CC_IRQHandler
                0x08001cfc                DMA2_Stream5_IRQHandler
                0x08001cfc                DMA1_Stream5_IRQHandler
                0x08001cfc                PVD_IRQHandler
                0x08001cfc                SDIO_IRQHandler
                0x08001cfc                TAMP_STAMP_IRQHandler
                0x08001cfc                CAN2_RX1_IRQHandler
                0x08001cfc                EXTI3_IRQHandler
                0x08001cfc                TIM8_TRG_COM_TIM14_IRQHandler
                0x08001cfc                TIM1_UP_TIM10_IRQHandler
                0x08001cfc                TIM8_UP_TIM13_IRQHandler
                0x08001cfc                I2C3_ER_IRQHandler
                0x08001cfc                EXTI0_IRQHandler
                0x08001cfc                I2C2_EV_IRQHandler
                0x08001cfc                DMA1_Stream2_IRQHandler
                0x08001cfc                CAN1_RX0_IRQHandler
                0x08001cfc                FPU_IRQHandler
                0x08001cfc                OTG_HS_WKUP_IRQHandler
                0x08001cfc                CAN2_SCE_IRQHandler
                0x08001cfc                DMA2_Stream2_IRQHandler
                0x08001cfc                SPI1_IRQHandler
                0x08001cfc                TIM6_DAC_IRQHandler
                0x08001cfc                TIM1_BRK_TIM9_IRQHandler
                0x08001cfc                DCMI_IRQHandler
                0x08001cfc                CAN2_RX0_IRQHandler
                0x08001cfc                DMA2_Stream3_IRQHandler
                0x08001cfc                USART6_IRQHandler
                0x08001cfc                USART3_IRQHandler
                0x08001cfc                CAN1_RX1_IRQHandler
                0x08001cfc                UART5_IRQHandler
                0x08001cfc                DMA2_Stream0_IRQHandler
                0x08001cfc                TIM4_IRQHandler
                0x08001cfc                I2C1_EV_IRQHandler
                0x08001cfc                DMA1_Stream6_IRQHandler
                0x08001cfc                DMA1_Stream1_IRQHandler
                0x08001cfc                UART4_IRQHandler
                0x08001cfc                TIM3_IRQHandler
                0x08001cfc                RCC_IRQHandler
                0x08001cfc                TIM8_BRK_TIM12_IRQHandler
                0x08001cfc                Default_Handler
                0x08001cfc                EXTI15_10_IRQHandler
                0x08001cfc                ADC_IRQHandler
                0x08001cfc                DMA1_Stream7_IRQHandler
                0x08001cfc                TIM7_IRQHandler
                0x08001cfc                CAN2_TX_IRQHandler
                0x08001cfc                TIM5_IRQHandler
                0x08001cfc                DMA2_Stream7_IRQHandler
                0x08001cfc                I2C3_EV_IRQHandler
                0x08001cfc                EXTI9_5_IRQHandler
                0x08001cfc                RTC_WKUP_IRQHandler
                0x08001cfc                ETH_WKUP_IRQHandler
                0x08001cfc                SPI2_IRQHandler
                0x08001cfc                OTG_HS_EP1_IN_IRQHandler
                0x08001cfc                DMA1_Stream0_IRQHandler
                0x08001cfc                CAN1_TX_IRQHandler
                0x08001cfc                EXTI4_IRQHandler
                0x08001cfc                FSMC_IRQHandler
                0x08001cfc                ETH_IRQHandler
                0x08001cfc                OTG_HS_EP1_OUT_IRQHandler
                0x08001cfc                WWDG_IRQHandler
                0x08001cfc                TIM2_IRQHandler
                0x08001cfc                OTG_FS_WKUP_IRQHandler
                0x08001cfc                TIM1_TRG_COM_TIM11_IRQHandler
                0x08001cfc                OTG_HS_IRQHandler
                0x08001cfc                EXTI1_IRQHandler
                0x08001cfc                USART2_IRQHandler
                0x08001cfc                I2C2_ER_IRQHandler
                0x08001cfc                DMA2_Stream1_IRQHandler
                0x08001cfc                CAN1_SCE_IRQHandler
                0x08001cfc                FLASH_IRQHandler
                0x08001cfc                DMA2_Stream4_IRQHandler
                0x08001cfc                USART1_IRQHandler
                0x08001cfc                OTG_FS_IRQHandler
                0x08001cfc                SPI3_IRQHandler
                0x08001cfc                DMA1_Stream4_IRQHandler
                0x08001cfc                I2C1_ER_IRQHandler
                0x08001cfc                DMA2_Stream6_IRQHandler
                0x08001cfc                DMA1_Stream3_IRQHandler
 *fill*         0x08001cfe        0x2 
 .text.__libc_init_array
                0x08001d00       0x4c c:/ac6/systemworkbench/plugins/fr.ac6.mcu.externaltools.arm-none.win32_1.3.0.201507241045/tools/compiler/bin/../lib/gcc/arm-none-eabi/4.9.3/../../../../arm-none-eabi/lib/armv7e-m/fpu\libc_nano.a(lib_a-init.o)
                0x08001d00                __libc_init_array
 *(.glue_7)
 .glue_7        0x00000000        0x0 linker stubs
 *(.glue_7t)
 .glue_7t       0x00000000        0x0 linker stubs
 *(.eh_frame)
 .eh_frame      0x08001d4c        0x0 c:/ac6/systemworkbench/plugins/fr.ac6.mcu.externaltools.arm-none.win32_1.3.0.201507241045/tools/compiler/bin/../lib/gcc/arm-none-eabi/4.9.3/armv7e-m/fpu/crtbegin.o
 *(.init)
 .init          0x08001d4c        0x4 c:/ac6/systemworkbench/plugins/fr.ac6.mcu.externaltools.arm-none.win32_1.3.0.201507241045/tools/compiler/bin/../lib/gcc/arm-none-eabi/4.9.3/armv7e-m/fpu/crti.o
                0x08001d4c                _init
 .init          0x08001d50        0x8 c:/ac6/systemworkbench/plugins/fr.ac6.mcu.externaltools.arm-none.win32_1.3.0.201507241045/tools/compiler/bin/../lib/gcc/arm-none-eabi/4.9.3/armv7e-m/fpu/crtn.o
 *(.fini)
 .fini          0x08001d58        0x4 c:/ac6/systemworkbench/plugins/fr.ac6.mcu.externaltools.arm-none.win32_1.3.0.201507241045/tools/compiler/bin/../lib/gcc/arm-none-eabi/4.9.3/armv7e-m/fpu/crti.o
                0x08001d58                _fini
 .fini          0x08001d5c        0x8 c:/ac6/systemworkbench/plugins/fr.ac6.mcu.externaltools.arm-none.win32_1.3.0.201507241045/tools/compiler/bin/../lib/gcc/arm-none-eabi/4.9.3/armv7e-m/fpu/crtn.o
                0x08001d64                . = ALIGN (0x4)
                0x08001d64                _etext = .

.vfp11_veneer   0x08001d64        0x0
 .vfp11_veneer  0x00000000        0x0 linker stubs

.v4_bx          0x08001d64        0x0
 .v4_bx         0x00000000        0x0 linker stubs

.iplt           0x08001d64        0x0
 .iplt          0x00000000        0x0 c:/ac6/systemworkbench/plugins/fr.ac6.mcu.externaltools.arm-none.win32_1.3.0.201507241045/tools/compiler/bin/../lib/gcc/arm-none-eabi/4.9.3/armv7e-m/fpu/crtbegin.o

.rodata         0x08001d64      0x1a0
                0x08001d64                . = ALIGN (0x4)
 *(.rodata)
 .rodata        0x08001d64       0x10 Drivers/STM32F4xx_HAL_Driver/stm32f4xx_hal_rcc.o
                0x08001d64                APBAHBPrescTable
 *(.rodata*)
 .rodata.str1.1
                0x08001d74       0x66 Drivers/STM32F4xx_HAL_Driver/stm32f4xx_hal_cortex.o
 .rodata.str1.1
                0x08001dda       0x64 Drivers/STM32F4xx_HAL_Driver/stm32f4xx_hal_gpio.o
 .rodata.str1.1
                0x08001e3e       0x63 Drivers/STM32F4xx_HAL_Driver/stm32f4xx_hal_i2c.o
 .rodata.str1.1
                0x08001ea1       0x63 Drivers/STM32F4xx_HAL_Driver/stm32f4xx_hal_rcc.o
                0x08001f04                . = ALIGN (0x4)

.rel.dyn        0x08001f04        0x0
 .rel.iplt      0x00000000        0x0 c:/ac6/systemworkbench/plugins/fr.ac6.mcu.externaltools.arm-none.win32_1.3.0.201507241045/tools/compiler/bin/../lib/gcc/arm-none-eabi/4.9.3/armv7e-m/fpu/crtbegin.o

.ARM.extab
 *(.ARM.extab* .gnu.linkonce.armextab.*)

.ARM            0x08001f04        0x0
                0x08001f04                __exidx_start = .
 *(.ARM.exidx*)
                0x08001f04                __exidx_end = .

.preinit_array  0x08001f04        0x0
                0x08001f04                PROVIDE (__preinit_array_start, .)
 *(.preinit_array*)
                0x08001f04                PROVIDE (__preinit_array_end, .)

.init_array     0x08001f04        0x4
                0x08001f04                PROVIDE (__init_array_start, .)
 *(SORT(.init_array.*))
 *(.init_array*)
 .init_array    0x08001f04        0x4 c:/ac6/systemworkbench/plugins/fr.ac6.mcu.externaltools.arm-none.win32_1.3.0.201507241045/tools/compiler/bin/../lib/gcc/arm-none-eabi/4.9.3/armv7e-m/fpu/crtbegin.o
                0x08001f08                PROVIDE (__init_array_end, .)

.fini_array     0x08001f08        0x4
                0x08001f08                PROVIDE (__fini_array_start, .)
 *(SORT(.fini_array.*))
 *(.fini_array*)
 .fini_array    0x08001f08        0x4 c:/ac6/systemworkbench/plugins/fr.ac6.mcu.externaltools.arm-none.win32_1.3.0.201507241045/tools/compiler/bin/../lib/gcc/arm-none-eabi/4.9.3/armv7e-m/fpu/crtbegin.o
                0x08001f0c                PROVIDE (__fini_array_end, .)
                0x08001f0c                _sidata = LOADADDR (.data)

.data           0x20000000        0x4 load address 0x08001f0c
                0x20000000                . = ALIGN (0x4)
                0x20000000                _sdata = .
 *(.data)
 .data          0x20000000        0x4 Drivers/CMSIS/system_stm32f4xx.o
                0x20000000                SystemCoreClock
 *(.data*)
                0x20000004                . = ALIGN (0x4)
                0x20000004                _edata = .
                0x08001f10                _siccmram = LOADADDR (.ccmram)

.jcr            0x20000004        0x0 load address 0x08001f10
 .jcr           0x20000004        0x0 c:/ac6/systemworkbench/plugins/fr.ac6.mcu.externaltools.arm-none.win32_1.3.0.201507241045/tools/compiler/bin/../lib/gcc/arm-none-eabi/4.9.3/armv7e-m/fpu/crtbegin.o

.igot.plt       0x20000004        0x0 load address 0x08001f10
 .igot.plt      0x00000000        0x0 c:/ac6/systemworkbench/plugins/fr.ac6.mcu.externaltools.arm-none.win32_1.3.0.201507241045/tools/compiler/bin/../lib/gcc/arm-none-eabi/4.9.3/armv7e-m/fpu/crtbegin.o

.ccmram         0x10000000        0x0 load address 0x08001f10
                0x10000000                . = ALIGN (0x4)
                0x10000000                _sccmram = .
 *(.ccmram)
 *(.ccmram*)
                0x10000000                . = ALIGN (0x4)
                0x10000000                _eccmram = .
                0x10000000                . = ALIGN (0x4)

.bss            0x20000004       0x90
                0x20000004                _sbss = .
                0x20000004                __bss_start__ = _sbss
 *(.bss)
 .bss           0x20000004       0x1c c:/ac6/systemworkbench/plugins/fr.ac6.mcu.externaltools.arm-none.win32_1.3.0.201507241045/tools/compiler/bin/../lib/gcc/arm-none-eabi/4.9.3/armv7e-m/fpu/crtbegin.o
 *(.bss*)
 *(COMMON)
 COMMON         0x20000020        0x4 Drivers/STM32F4xx_HAL_Driver/stm32f4xx_hal.o
                0x20000020                uwTick
 COMMON         0x20000024       0x54 Application/User/i2c.o
                0x20000024                hi2c1
 COMMON         0x20000078       0x1c Application/User/main.o
                0x20000078                mpu1
                0x20000094                . = ALIGN (0x4)
                0x20000094                _ebss = .
                0x20000094                __bss_end__ = _ebss

._user_heap_stack
                0x20000094      0x604
                0x20000098                . = ALIGN (0x8)
 *fill*         0x20000094        0x4 
                0x20000098                PROVIDE (end, .)
                0x20000098                PROVIDE (_end, .)
                0x20000298                . = (. + _Min_Heap_Size)
 *fill*         0x20000098      0x200 
                0x20000698                . = (. + _Min_Stack_Size)
 *fill*         0x20000298      0x400 
                0x20000698                . = ALIGN (0x8)

/DISCARD/
 libc.a(*)
 libm.a(*)
 libgcc.a(*)

.ARM.attributes
                0x00000000       0x30
 *(.ARM.attributes)
 .ARM.attributes
                0x00000000       0x22 c:/ac6/systemworkbench/plugins/fr.ac6.mcu.externaltools.arm-none.win32_1.3.0.201507241045/tools/compiler/bin/../lib/gcc/arm-none-eabi/4.9.3/armv7e-m/fpu/crti.o
 .ARM.attributes
                0x00000022       0x34 c:/ac6/systemworkbench/plugins/fr.ac6.mcu.externaltools.arm-none.win32_1.3.0.201507241045/tools/compiler/bin/../lib/gcc/arm-none-eabi/4.9.3/armv7e-m/fpu/crtbegin.o
 .ARM.attributes
                0x00000056       0x39 Drivers/STM32F4xx_HAL_Driver/stm32f4xx_hal.o
 .ARM.attributes
                0x0000008f       0x39 Drivers/STM32F4xx_HAL_Driver/stm32f4xx_hal_cortex.o
 .ARM.attributes
                0x000000c8       0x39 Drivers/STM32F4xx_HAL_Driver/stm32f4xx_hal_gpio.o
 .ARM.attributes
                0x00000101       0x39 Drivers/STM32F4xx_HAL_Driver/stm32f4xx_hal_i2c.o
 .ARM.attributes
                0x0000013a       0x39 Drivers/STM32F4xx_HAL_Driver/stm32f4xx_hal_rcc.o
 .ARM.attributes
                0x00000173       0x39 Drivers/CMSIS/system_stm32f4xx.o
 .ARM.attributes
                0x000001ac       0x39 Application/User/EV_MPU6050_hal.o
 .ARM.attributes
                0x000001e5       0x39 Application/User/gpio.o
 .ARM.attributes
                0x0000021e       0x39 Application/User/i2c.o
 .ARM.attributes
                0x00000257       0x39 Application/User/main.o
 .ARM.attributes
                0x00000290       0x39 Application/User/stm32f4xx_hal_msp.o
 .ARM.attributes
                0x000002c9       0x39 Application/User/stm32f4xx_it.o
 .ARM.attributes
                0x00000302       0x21 Application/SW4STM32/startup_stm32f407xx.o
 .ARM.attributes
                0x00000323       0x34 c:/ac6/systemworkbench/plugins/fr.ac6.mcu.externaltools.arm-none.win32_1.3.0.201507241045/tools/compiler/bin/../lib/gcc/arm-none-eabi/4.9.3/../../../../arm-none-eabi/lib/armv7e-m/fpu\libc_nano.a(lib_a-init.o)
 .ARM.attributes
                0x00000357       0x22 c:/ac6/systemworkbench/plugins/fr.ac6.mcu.externaltools.arm-none.win32_1.3.0.201507241045/tools/compiler/bin/../lib/gcc/arm-none-eabi/4.9.3/armv7e-m/fpu/crtn.o
OUTPUT(GY-521.elf elf32-littlearm)

.debug_info     0x00000000     0xa3fa
 .debug_info    0x00000000      0x916 Drivers/STM32F4xx_HAL_Driver/stm32f4xx_hal.o
 .debug_info    0x00000916     0x110a Drivers/STM32F4xx_HAL_Driver/stm32f4xx_hal_cortex.o
 .debug_info    0x00001a20      0x882 Drivers/STM32F4xx_HAL_Driver/stm32f4xx_hal_gpio.o
 .debug_info    0x000022a2     0x3536 Drivers/STM32F4xx_HAL_Driver/stm32f4xx_hal_i2c.o
 .debug_info    0x000057d8      0xf76 Drivers/STM32F4xx_HAL_Driver/stm32f4xx_hal_rcc.o
 .debug_info    0x0000674e      0x4a9 Drivers/CMSIS/system_stm32f4xx.o
 .debug_info    0x00006bf7     0x12c6 Application/User/EV_MPU6050_hal.o
 .debug_info    0x00007ebd      0x4f1 Application/User/gpio.o
 .debug_info    0x000083ae      0x9bc Application/User/i2c.o
 .debug_info    0x00008d6a     0x1032 Application/User/main.o
 .debug_info    0x00009d9c      0x417 Application/User/stm32f4xx_hal_msp.o
 .debug_info    0x0000a1b3      0x164 Application/User/stm32f4xx_it.o
 .debug_info    0x0000a317       0xe3 Application/SW4STM32/startup_stm32f407xx.o

.debug_abbrev   0x00000000     0x192c
 .debug_abbrev  0x00000000      0x25b Drivers/STM32F4xx_HAL_Driver/stm32f4xx_hal.o
 .debug_abbrev  0x0000025b      0x33e Drivers/STM32F4xx_HAL_Driver/stm32f4xx_hal_cortex.o
 .debug_abbrev  0x00000599      0x209 Drivers/STM32F4xx_HAL_Driver/stm32f4xx_hal_gpio.o
 .debug_abbrev  0x000007a2      0x331 Drivers/STM32F4xx_HAL_Driver/stm32f4xx_hal_i2c.o
 .debug_abbrev  0x00000ad3      0x383 Drivers/STM32F4xx_HAL_Driver/stm32f4xx_hal_rcc.o
 .debug_abbrev  0x00000e56      0x104 Drivers/CMSIS/system_stm32f4xx.o
 .debug_abbrev  0x00000f5a      0x251 Application/User/EV_MPU6050_hal.o
 .debug_abbrev  0x000011ab      0x14b Application/User/gpio.o
 .debug_abbrev  0x000012f6      0x1ea Application/User/i2c.o
 .debug_abbrev  0x000014e0      0x2a7 Application/User/main.o
 .debug_abbrev  0x00001787       0xd4 Application/User/stm32f4xx_hal_msp.o
 .debug_abbrev  0x0000185b       0xbf Application/User/stm32f4xx_it.o
 .debug_abbrev  0x0000191a       0x12 Application/SW4STM32/startup_stm32f407xx.o

.debug_loc      0x00000000     0x4287
 .debug_loc     0x00000000       0x90 Drivers/STM32F4xx_HAL_Driver/stm32f4xx_hal.o
 .debug_loc     0x00000090      0x4c4 Drivers/STM32F4xx_HAL_Driver/stm32f4xx_hal_cortex.o
 .debug_loc     0x00000554      0x564 Drivers/STM32F4xx_HAL_Driver/stm32f4xx_hal_gpio.o
 .debug_loc     0x00000ab8     0x2bf6 Drivers/STM32F4xx_HAL_Driver/stm32f4xx_hal_i2c.o
 .debug_loc     0x000036ae      0x46c Drivers/STM32F4xx_HAL_Driver/stm32f4xx_hal_rcc.o
 .debug_loc     0x00003b1a       0xda Drivers/CMSIS/system_stm32f4xx.o
 .debug_loc     0x00003bf4      0x5ea Application/User/EV_MPU6050_hal.o
 .debug_loc     0x000041de       0x4d Application/User/i2c.o
 .debug_loc     0x0000422b       0x5c Application/User/main.o

.debug_aranges  0x00000000      0x5e8
 .debug_aranges
                0x00000000       0xc0 Drivers/STM32F4xx_HAL_Driver/stm32f4xx_hal.o
 .debug_aranges
                0x000000c0       0x98 Drivers/STM32F4xx_HAL_Driver/stm32f4xx_hal_cortex.o
 .debug_aranges
                0x00000158       0x58 Drivers/STM32F4xx_HAL_Driver/stm32f4xx_hal_gpio.o
 .debug_aranges
                0x000001b0      0x1e8 Drivers/STM32F4xx_HAL_Driver/stm32f4xx_hal_i2c.o
 .debug_aranges
                0x00000398       0x88 Drivers/STM32F4xx_HAL_Driver/stm32f4xx_hal_rcc.o
 .debug_aranges
                0x00000420       0x28 Drivers/CMSIS/system_stm32f4xx.o
 .debug_aranges
                0x00000448       0x70 Application/User/EV_MPU6050_hal.o
 .debug_aranges
                0x000004b8       0x20 Application/User/gpio.o
 .debug_aranges
                0x000004d8       0x30 Application/User/i2c.o
 .debug_aranges
                0x00000508       0x38 Application/User/main.o
 .debug_aranges
                0x00000540       0x20 Application/User/stm32f4xx_hal_msp.o
 .debug_aranges
                0x00000560       0x60 Application/User/stm32f4xx_it.o
 .debug_aranges
                0x000005c0       0x28 Application/SW4STM32/startup_stm32f407xx.o

.debug_ranges   0x00000000      0x730
 .debug_ranges  0x00000000       0xb0 Drivers/STM32F4xx_HAL_Driver/stm32f4xx_hal.o
 .debug_ranges  0x000000b0      0x120 Drivers/STM32F4xx_HAL_Driver/stm32f4xx_hal_cortex.o
 .debug_ranges  0x000001d0       0x48 Drivers/STM32F4xx_HAL_Driver/stm32f4xx_hal_gpio.o
 .debug_ranges  0x00000218      0x208 Drivers/STM32F4xx_HAL_Driver/stm32f4xx_hal_i2c.o
 .debug_ranges  0x00000420      0x160 Drivers/STM32F4xx_HAL_Driver/stm32f4xx_hal_rcc.o
 .debug_ranges  0x00000580       0x18 Drivers/CMSIS/system_stm32f4xx.o
 .debug_ranges  0x00000598       0x60 Application/User/EV_MPU6050_hal.o
 .debug_ranges  0x000005f8       0x50 Application/User/gpio.o
 .debug_ranges  0x00000648       0x20 Application/User/i2c.o
 .debug_ranges  0x00000668       0x48 Application/User/main.o
 .debug_ranges  0x000006b0       0x10 Application/User/stm32f4xx_hal_msp.o
 .debug_ranges  0x000006c0       0x50 Application/User/stm32f4xx_it.o
 .debug_ranges  0x00000710       0x20 Application/SW4STM32/startup_stm32f407xx.o

.debug_macro    0x00000000    0x1341f
 .debug_macro   0x00000000      0x2d4 Drivers/STM32F4xx_HAL_Driver/stm32f4xx_hal.o
 .debug_macro   0x000002d4      0x886 Drivers/STM32F4xx_HAL_Driver/stm32f4xx_hal.o
 .debug_macro   0x00000b5a      0x1b1 Drivers/STM32F4xx_HAL_Driver/stm32f4xx_hal.o
 .debug_macro   0x00000d0b       0x31 Drivers/STM32F4xx_HAL_Driver/stm32f4xx_hal.o
 .debug_macro   0x00000d3c       0x28 Drivers/STM32F4xx_HAL_Driver/stm32f4xx_hal.o
 .debug_macro   0x00000d64       0x22 Drivers/STM32F4xx_HAL_Driver/stm32f4xx_hal.o
 .debug_macro   0x00000d86       0x44 Drivers/STM32F4xx_HAL_Driver/stm32f4xx_hal.o
 .debug_macro   0x00000dca       0x1c Drivers/STM32F4xx_HAL_Driver/stm32f4xx_hal.o
 .debug_macro   0x00000de6      0x1f7 Drivers/STM32F4xx_HAL_Driver/stm32f4xx_hal.o
 .debug_macro   0x00000fdd       0x35 Drivers/STM32F4xx_HAL_Driver/stm32f4xx_hal.o
 .debug_macro   0x00001012       0x50 Drivers/STM32F4xx_HAL_Driver/stm32f4xx_hal.o
 .debug_macro   0x00001062      0xe66 Drivers/STM32F4xx_HAL_Driver/stm32f4xx_hal.o
 .debug_macro   0x00001ec8     0x93f9 Drivers/STM32F4xx_HAL_Driver/stm32f4xx_hal.o
 .debug_macro   0x0000b2c1       0x43 Drivers/STM32F4xx_HAL_Driver/stm32f4xx_hal.o
 .debug_macro   0x0000b304     0x347f Drivers/STM32F4xx_HAL_Driver/stm32f4xx_hal.o
 .debug_macro   0x0000e783       0x58 Drivers/STM32F4xx_HAL_Driver/stm32f4xx_hal.o
 .debug_macro   0x0000e7db       0x35 Drivers/STM32F4xx_HAL_Driver/stm32f4xx_hal.o
 .debug_macro   0x0000e810       0x9c Drivers/STM32F4xx_HAL_Driver/stm32f4xx_hal.o
 .debug_macro   0x0000e8ac       0x16 Drivers/STM32F4xx_HAL_Driver/stm32f4xx_hal.o
 .debug_macro   0x0000e8c2       0x97 Drivers/STM32F4xx_HAL_Driver/stm32f4xx_hal.o
 .debug_macro   0x0000e959      0x29d Drivers/STM32F4xx_HAL_Driver/stm32f4xx_hal.o
 .debug_macro   0x0000ebf6       0xef Drivers/STM32F4xx_HAL_Driver/stm32f4xx_hal.o
 .debug_macro   0x0000ece5       0x10 Drivers/STM32F4xx_HAL_Driver/stm32f4xx_hal.o
 .debug_macro   0x0000ecf5       0x52 Drivers/STM32F4xx_HAL_Driver/stm32f4xx_hal.o
 .debug_macro   0x0000ed47       0x16 Drivers/STM32F4xx_HAL_Driver/stm32f4xx_hal.o
 .debug_macro   0x0000ed5d       0x43 Drivers/STM32F4xx_HAL_Driver/stm32f4xx_hal.o
 .debug_macro   0x0000eda0      0x180 Drivers/STM32F4xx_HAL_Driver/stm32f4xx_hal.o
 .debug_macro   0x0000ef20       0x10 Drivers/STM32F4xx_HAL_Driver/stm32f4xx_hal.o
 .debug_macro   0x0000ef30       0x22 Drivers/STM32F4xx_HAL_Driver/stm32f4xx_hal.o
 .debug_macro   0x0000ef52       0xbd Drivers/STM32F4xx_HAL_Driver/stm32f4xx_hal.o
 .debug_macro   0x0000f00f       0x16 Drivers/STM32F4xx_HAL_Driver/stm32f4xx_hal.o
 .debug_macro   0x0000f025      0x196 Drivers/STM32F4xx_HAL_Driver/stm32f4xx_hal.o
 .debug_macro   0x0000f1bb       0x50 Drivers/STM32F4xx_HAL_Driver/stm32f4xx_hal.o
 .debug_macro   0x0000f20b      0x964 Drivers/STM32F4xx_HAL_Driver/stm32f4xx_hal.o
 .debug_macro   0x0000fb6f      0x9e1 Drivers/STM32F4xx_HAL_Driver/stm32f4xx_hal.o
 .debug_macro   0x00010550      0x11e Drivers/STM32F4xx_HAL_Driver/stm32f4xx_hal.o
 .debug_macro   0x0001066e      0x13e Drivers/STM32F4xx_HAL_Driver/stm32f4xx_hal.o
 .debug_macro   0x000107ac       0x27 Drivers/STM32F4xx_HAL_Driver/stm32f4xx_hal.o
 .debug_macro   0x000107d3      0x287 Drivers/STM32F4xx_HAL_Driver/stm32f4xx_hal.o
 .debug_macro   0x00010a5a       0x5f Drivers/STM32F4xx_HAL_Driver/stm32f4xx_hal.o
 .debug_macro   0x00010ab9      0x23a Drivers/STM32F4xx_HAL_Driver/stm32f4xx_hal.o
 .debug_macro   0x00010cf3      0x13a Drivers/STM32F4xx_HAL_Driver/stm32f4xx_hal.o
 .debug_macro   0x00010e2d      0x21e Drivers/STM32F4xx_HAL_Driver/stm32f4xx_hal.o
 .debug_macro   0x0001104b       0x2e Drivers/STM32F4xx_HAL_Driver/stm32f4xx_hal.o
 .debug_macro   0x00011079      0x1a7 Drivers/STM32F4xx_HAL_Driver/stm32f4xx_hal.o
 .debug_macro   0x00011220       0xa5 Drivers/STM32F4xx_HAL_Driver/stm32f4xx_hal.o
 .debug_macro   0x000112c5      0x11e Drivers/STM32F4xx_HAL_Driver/stm32f4xx_hal.o
 .debug_macro   0x000113e3       0x7f Drivers/STM32F4xx_HAL_Driver/stm32f4xx_hal.o
 .debug_macro   0x00011462       0x89 Drivers/STM32F4xx_HAL_Driver/stm32f4xx_hal.o
 .debug_macro   0x000114eb      0x125 Drivers/STM32F4xx_HAL_Driver/stm32f4xx_hal.o
 .debug_macro   0x00011610      0x286 Drivers/STM32F4xx_HAL_Driver/stm32f4xx_hal_cortex.o
 .debug_macro   0x00011896      0x2be Drivers/STM32F4xx_HAL_Driver/stm32f4xx_hal_gpio.o
 .debug_macro   0x00011b54      0x2cd Drivers/STM32F4xx_HAL_Driver/stm32f4xx_hal_i2c.o
 .debug_macro   0x00011e21      0x2b0 Drivers/STM32F4xx_HAL_Driver/stm32f4xx_hal_rcc.o
 .debug_macro   0x000120d1      0x28c Drivers/CMSIS/system_stm32f4xx.o
 .debug_macro   0x0001235d      0x39b Application/User/EV_MPU6050_hal.o
 .debug_macro   0x000126f8       0x3a Application/User/EV_MPU6050_hal.o
 .debug_macro   0x00012732      0x290 Application/User/gpio.o
 .debug_macro   0x000129c2      0x29a Application/User/i2c.o
 .debug_macro   0x00012c5c      0x2ad Application/User/main.o
 .debug_macro   0x00012f09      0x286 Application/User/stm32f4xx_hal_msp.o
 .debug_macro   0x0001318f      0x290 Application/User/stm32f4xx_it.o

.debug_line     0x00000000     0x733d
 .debug_line    0x00000000      0x830 Drivers/STM32F4xx_HAL_Driver/stm32f4xx_hal.o
 .debug_line    0x00000830      0x941 Drivers/STM32F4xx_HAL_Driver/stm32f4xx_hal_cortex.o
 .debug_line    0x00001171      0x958 Drivers/STM32F4xx_HAL_Driver/stm32f4xx_hal_gpio.o
 .debug_line    0x00001ac9     0x1b60 Drivers/STM32F4xx_HAL_Driver/stm32f4xx_hal_i2c.o
 .debug_line    0x00003629      0xa89 Drivers/STM32F4xx_HAL_Driver/stm32f4xx_hal_rcc.o
 .debug_line    0x000040b2      0x6ee Drivers/CMSIS/system_stm32f4xx.o
 .debug_line    0x000047a0      0x81d Application/User/EV_MPU6050_hal.o
 .debug_line    0x00004fbd      0x6d5 Application/User/gpio.o
 .debug_line    0x00005692      0x6d5 Application/User/i2c.o
 .debug_line    0x00005d67      0x732 Application/User/main.o
 .debug_line    0x00006499      0x698 Application/User/stm32f4xx_hal_msp.o
 .debug_line    0x00006b31      0x733 Application/User/stm32f4xx_it.o
 .debug_line    0x00007264       0xd9 Application/SW4STM32/startup_stm32f407xx.o

.debug_str      0x00000000    0x68a5f
 .debug_str     0x00000000    0x663b6 Drivers/STM32F4xx_HAL_Driver/stm32f4xx_hal.o
                              0x66710 (size before relaxing)
 .debug_str     0x000663b6      0x3bb Drivers/STM32F4xx_HAL_Driver/stm32f4xx_hal_cortex.o
                              0x66587 (size before relaxing)
 .debug_str     0x00066771      0x30c Drivers/STM32F4xx_HAL_Driver/stm32f4xx_hal_gpio.o
                              0x65f98 (size before relaxing)
 .debug_str     0x00066a7d      0xfa2 Drivers/STM32F4xx_HAL_Driver/stm32f4xx_hal_i2c.o
                              0x66b90 (size before relaxing)
 .debug_str     0x00067a1f      0x3b3 Drivers/STM32F4xx_HAL_Driver/stm32f4xx_hal_rcc.o
                              0x66136 (size before relaxing)
 .debug_str     0x00067dd2       0xb4 Drivers/CMSIS/system_stm32f4xx.o
                              0x65d33 (size before relaxing)
 .debug_str     0x00067e86      0x992 Application/User/EV_MPU6050_hal.o
                              0x66a2f (size before relaxing)
 .debug_str     0x00068818       0x50 Application/User/gpio.o
                              0x65cd0 (size before relaxing)
 .debug_str     0x00068868       0x6c Application/User/i2c.o
                              0x6624a (size before relaxing)
 .debug_str     0x000688d4       0x62 Application/User/main.o
                              0x66c0e (size before relaxing)
 .debug_str     0x00068936       0x46 Application/User/stm32f4xx_hal_msp.o
                              0x6606f (size before relaxing)
 .debug_str     0x0006897c       0xe3 Application/User/stm32f4xx_it.o
                              0x65be0 (size before relaxing)

.comment        0x00000000       0x70
 .comment       0x00000000       0x70 Drivers/STM32F4xx_HAL_Driver/stm32f4xx_hal.o
                                 0x71 (size before relaxing)
 .comment       0x00000000       0x71 Drivers/STM32F4xx_HAL_Driver/stm32f4xx_hal_cortex.o
 .comment       0x00000000       0x71 Drivers/STM32F4xx_HAL_Driver/stm32f4xx_hal_gpio.o
 .comment       0x00000000       0x71 Drivers/STM32F4xx_HAL_Driver/stm32f4xx_hal_i2c.o
 .comment       0x00000000       0x71 Drivers/STM32F4xx_HAL_Driver/stm32f4xx_hal_rcc.o
 .comment       0x00000000       0x71 Drivers/CMSIS/system_stm32f4xx.o
 .comment       0x00000000       0x71 Application/User/EV_MPU6050_hal.o
 .comment       0x00000000       0x71 Application/User/gpio.o
 .comment       0x00000000       0x71 Application/User/i2c.o
 .comment       0x00000000       0x71 Application/User/main.o
 .comment       0x00000000       0x71 Application/User/stm32f4xx_hal_msp.o
 .comment       0x00000000       0x71 Application/User/stm32f4xx_it.o

.debug_frame    0x00000000      0xf7c
 .debug_frame   0x00000000      0x184 Drivers/STM32F4xx_HAL_Driver/stm32f4xx_hal.o
 .debug_frame   0x00000184      0x180 Drivers/STM32F4xx_HAL_Driver/stm32f4xx_hal_cortex.o
 .debug_frame   0x00000304       0xf0 Drivers/STM32F4xx_HAL_Driver/stm32f4xx_hal_gpio.o
 .debug_frame   0x000003f4      0x690 Drivers/STM32F4xx_HAL_Driver/stm32f4xx_hal_i2c.o
 .debug_frame   0x00000a84      0x140 Drivers/STM32F4xx_HAL_Driver/stm32f4xx_hal_rcc.o
 .debug_frame   0x00000bc4       0x30 Drivers/CMSIS/system_stm32f4xx.o
 .debug_frame   0x00000bf4      0x190 Application/User/EV_MPU6050_hal.o
 .debug_frame   0x00000d84       0x34 Application/User/gpio.o
 .debug_frame   0x00000db8       0x58 Application/User/i2c.o
 .debug_frame   0x00000e10       0x68 Application/User/main.o
 .debug_frame   0x00000e78       0x2c Application/User/stm32f4xx_hal_msp.o
 .debug_frame   0x00000ea4       0xac Application/User/stm32f4xx_it.o
 .debug_frame   0x00000f50       0x2c c:/ac6/systemworkbench/plugins/fr.ac6.mcu.externaltools.arm-none.win32_1.3.0.201507241045/tools/compiler/bin/../lib/gcc/arm-none-eabi/4.9.3/../../../../arm-none-eabi/lib/armv7e-m/fpu\libc_nano.a(lib_a-init.o)
