Archive member included because of file (symbol)

c:/ac6/systemworkbench/plugins/fr.ac6.mcu.externaltools.arm-none.win32_1.3.0.201507241045/tools/compiler/bin/../lib/gcc/arm-none-eabi/4.9.3/../../../../arm-none-eabi/lib/armv7e-m/fpu\libc_nano.a(lib_a-exit.o)
                              c:/ac6/systemworkbench/plugins/fr.ac6.mcu.externaltools.arm-none.win32_1.3.0.201507241045/tools/compiler/bin/../lib/gcc/arm-none-eabi/4.9.3/../../../../arm-none-eabi/lib/armv7e-m/fpu/crt0.o (exit)
c:/ac6/systemworkbench/plugins/fr.ac6.mcu.externaltools.arm-none.win32_1.3.0.201507241045/tools/compiler/bin/../lib/gcc/arm-none-eabi/4.9.3/../../../../arm-none-eabi/lib/armv7e-m/fpu\libc_nano.a(lib_a-impure.o)
                              c:/ac6/systemworkbench/plugins/fr.ac6.mcu.externaltools.arm-none.win32_1.3.0.201507241045/tools/compiler/bin/../lib/gcc/arm-none-eabi/4.9.3/../../../../arm-none-eabi/lib/armv7e-m/fpu\libc_nano.a(lib_a-exit.o) (_global_impure_ptr)
c:/ac6/systemworkbench/plugins/fr.ac6.mcu.externaltools.arm-none.win32_1.3.0.201507241045/tools/compiler/bin/../lib/gcc/arm-none-eabi/4.9.3/../../../../arm-none-eabi/lib/armv7e-m/fpu\libc_nano.a(lib_a-init.o)
                              c:/ac6/systemworkbench/plugins/fr.ac6.mcu.externaltools.arm-none.win32_1.3.0.201507241045/tools/compiler/bin/../lib/gcc/arm-none-eabi/4.9.3/../../../../arm-none-eabi/lib/armv7e-m/fpu/crt0.o (__libc_init_array)
c:/ac6/systemworkbench/plugins/fr.ac6.mcu.externaltools.arm-none.win32_1.3.0.201507241045/tools/compiler/bin/../lib/gcc/arm-none-eabi/4.9.3/../../../../arm-none-eabi/lib/armv7e-m/fpu\libc_nano.a(lib_a-memset.o)
                              c:/ac6/systemworkbench/plugins/fr.ac6.mcu.externaltools.arm-none.win32_1.3.0.201507241045/tools/compiler/bin/../lib/gcc/arm-none-eabi/4.9.3/../../../../arm-none-eabi/lib/armv7e-m/fpu/crt0.o (memset)
c:/ac6/systemworkbench/plugins/fr.ac6.mcu.externaltools.arm-none.win32_1.3.0.201507241045/tools/compiler/bin/../lib/gcc/arm-none-eabi/4.9.3/../../../../arm-none-eabi/lib/armv7e-m/fpu\libc_nano.a(lib_a-sprintf.o)
                              Application/User/main.o (sprintf)
c:/ac6/systemworkbench/plugins/fr.ac6.mcu.externaltools.arm-none.win32_1.3.0.201507241045/tools/compiler/bin/../lib/gcc/arm-none-eabi/4.9.3/../../../../arm-none-eabi/lib/armv7e-m/fpu\libc_nano.a(lib_a-nano-svfprintf.o)
                              c:/ac6/systemworkbench/plugins/fr.ac6.mcu.externaltools.arm-none.win32_1.3.0.201507241045/tools/compiler/bin/../lib/gcc/arm-none-eabi/4.9.3/../../../../arm-none-eabi/lib/armv7e-m/fpu\libc_nano.a(lib_a-sprintf.o) (_svfprintf_r)
c:/ac6/systemworkbench/plugins/fr.ac6.mcu.externaltools.arm-none.win32_1.3.0.201507241045/tools/compiler/bin/../lib/gcc/arm-none-eabi/4.9.3/../../../../arm-none-eabi/lib/armv7e-m/fpu\libc_nano.a(lib_a-nano-vfprintf_i.o)
                              c:/ac6/systemworkbench/plugins/fr.ac6.mcu.externaltools.arm-none.win32_1.3.0.201507241045/tools/compiler/bin/../lib/gcc/arm-none-eabi/4.9.3/../../../../arm-none-eabi/lib/armv7e-m/fpu\libc_nano.a(lib_a-nano-svfprintf.o) (_printf_i)
c:/ac6/systemworkbench/plugins/fr.ac6.mcu.externaltools.arm-none.win32_1.3.0.201507241045/tools/compiler/bin/../lib/gcc/arm-none-eabi/4.9.3/../../../../arm-none-eabi/lib/armv7e-m/fpu\libc_nano.a(lib_a-memchr.o)
                              c:/ac6/systemworkbench/plugins/fr.ac6.mcu.externaltools.arm-none.win32_1.3.0.201507241045/tools/compiler/bin/../lib/gcc/arm-none-eabi/4.9.3/../../../../arm-none-eabi/lib/armv7e-m/fpu\libc_nano.a(lib_a-nano-svfprintf.o) (memchr)
c:/ac6/systemworkbench/plugins/fr.ac6.mcu.externaltools.arm-none.win32_1.3.0.201507241045/tools/compiler/bin/../lib/gcc/arm-none-eabi/4.9.3/../../../../arm-none-eabi/lib/armv7e-m/fpu\libc_nano.a(lib_a-memcpy.o)
                              c:/ac6/systemworkbench/plugins/fr.ac6.mcu.externaltools.arm-none.win32_1.3.0.201507241045/tools/compiler/bin/../lib/gcc/arm-none-eabi/4.9.3/../../../../arm-none-eabi/lib/armv7e-m/fpu\libc_nano.a(lib_a-nano-svfprintf.o) (memcpy)
c:/ac6/systemworkbench/plugins/fr.ac6.mcu.externaltools.arm-none.win32_1.3.0.201507241045/tools/compiler/bin/../lib/gcc/arm-none-eabi/4.9.3/../../../../arm-none-eabi/lib/armv7e-m/fpu\libc_nano.a(lib_a-memmove.o)
                              c:/ac6/systemworkbench/plugins/fr.ac6.mcu.externaltools.arm-none.win32_1.3.0.201507241045/tools/compiler/bin/../lib/gcc/arm-none-eabi/4.9.3/../../../../arm-none-eabi/lib/armv7e-m/fpu\libc_nano.a(lib_a-nano-svfprintf.o) (memmove)
c:/ac6/systemworkbench/plugins/fr.ac6.mcu.externaltools.arm-none.win32_1.3.0.201507241045/tools/compiler/bin/../lib/gcc/arm-none-eabi/4.9.3/../../../../arm-none-eabi/lib/armv7e-m/fpu\libc_nano.a(lib_a-nano-freer.o)
                              c:/ac6/systemworkbench/plugins/fr.ac6.mcu.externaltools.arm-none.win32_1.3.0.201507241045/tools/compiler/bin/../lib/gcc/arm-none-eabi/4.9.3/../../../../arm-none-eabi/lib/armv7e-m/fpu\libc_nano.a(lib_a-nano-svfprintf.o) (_free_r)
[...]
Memory Configuration

Name             Origin             Length             Attributes
RAM              0x20000000         0x00020000         xrw
CCMRAM           0x10000000         0x00010000         rw
FLASH            0x08000000         0x00100000         xr
*default*        0x00000000         0xffffffff

Linker script and memory map

LOAD c:/ac6/systemworkbench/plugins/fr.ac6.mcu.externaltools.arm-none.win32_1.3.0.201507241045/tools/compiler/bin/../lib/gcc/arm-none-eabi/4.9.3/armv7e-m/fpu/crti.o
LOAD c:/ac6/systemworkbench/plugins/fr.ac6.mcu.externaltools.arm-none.win32_1.3.0.201507241045/tools/compiler/bin/../lib/gcc/arm-none-eabi/4.9.3/armv7e-m/fpu/crtbegin.o
LOAD c:/ac6/systemworkbench/plugins/fr.ac6.mcu.externaltools.arm-none.win32_1.3.0.201507241045/tools/compiler/bin/../lib/gcc/arm-none-eabi/4.9.3/../../../../arm-none-eabi/lib/armv7e-m/fpu/crt0.o
LOAD c:/ac6/systemworkbench/plugins/fr.ac6.mcu.externaltools.arm-none.win32_1.3.0.201507241045/tools/compiler/bin/../lib/gcc/arm-none-eabi/4.9.3/../../../../arm-none-eabi/lib/armv7e-m/fpu\libm.a
LOAD Drivers/STM32F4xx_HAL_Driver/stm32f4xx_hal.o
LOAD Drivers/STM32F4xx_HAL_Driver/stm32f4xx_hal_cortex.o
LOAD Drivers/STM32F4xx_HAL_Driver/stm32f4xx_hal_dma.o
LOAD Drivers/STM32F4xx_HAL_Driver/stm32f4xx_hal_dma_ex.o
LOAD Drivers/STM32F4xx_HAL_Driver/stm32f4xx_hal_flash.o
LOAD Drivers/STM32F4xx_HAL_Driver/stm32f4xx_hal_flash_ex.o
LOAD Drivers/STM32F4xx_HAL_Driver/stm32f4xx_hal_flash_ramfunc.o
LOAD Drivers/STM32F4xx_HAL_Driver/stm32f4xx_hal_gpio.o
LOAD Drivers/STM32F4xx_HAL_Driver/stm32f4xx_hal_i2c.o
LOAD Drivers/STM32F4xx_HAL_Driver/stm32f4xx_hal_i2c_ex.o
LOAD Drivers/STM32F4xx_HAL_Driver/stm32f4xx_hal_pwr.o
LOAD Drivers/STM32F4xx_HAL_Driver/stm32f4xx_hal_pwr_ex.o
LOAD Drivers/STM32F4xx_HAL_Driver/stm32f4xx_hal_rcc.o
LOAD Drivers/STM32F4xx_HAL_Driver/stm32f4xx_hal_rcc_ex.o
LOAD Drivers/STM32F4xx_HAL_Driver/stm32f4xx_hal_tim.o
LOAD Drivers/STM32F4xx_HAL_Driver/stm32f4xx_hal_tim_ex.o
LOAD Drivers/STM32F4xx_HAL_Driver/stm32f4xx_hal_uart.o
LOAD Drivers/CMSIS/system_stm32f4xx.o
LOAD Application/User/EV_MPU6050_hal.o
LOAD Application/User/gpio.o
LOAD Application/User/i2c.o
LOAD Application/User/main.o
LOAD Application/User/stm32f4xx_hal_msp.o
LOAD Application/User/stm32f4xx_it.o
LOAD Application/User/usart.o
LOAD Application/SW4STM32/startup_stm32f407xx.o
START GROUP
LOAD c:/ac6/systemworkbench/plugins/fr.ac6.mcu.externaltools.arm-none.win32_1.3.0.201507241045/tools/compiler/bin/../lib/gcc/arm-none-eabi/4.9.3/armv7e-m/fpu\libgcc.a
LOAD c:/ac6/systemworkbench/plugins/fr.ac6.mcu.externaltools.arm-none.win32_1.3.0.201507241045/tools/compiler/bin/../lib/gcc/arm-none-eabi/4.9.3/../../../../arm-none-eabi/lib/armv7e-m/fpu\libc_nano.a
END GROUP
START GROUP
LOAD c:/ac6/systemworkbench/plugins/fr.ac6.mcu.externaltools.arm-none.win32_1.3.0.201507241045/tools/compiler/bin/../lib/gcc/arm-none-eabi/4.9.3/armv7e-m/fpu\libgcc.a
LOAD c:/ac6/systemworkbench/plugins/fr.ac6.mcu.externaltools.arm-none.win32_1.3.0.201507241045/tools/compiler/bin/../lib/gcc/arm-none-eabi/4.9.3/../../../../arm-none-eabi/lib/armv7e-m/fpu\libc_nano.a
LOAD c:/ac6/systemworkbench/plugins/fr.ac6.mcu.externaltools.arm-none.win32_1.3.0.201507241045/tools/compiler/bin/../lib/gcc/arm-none-eabi/4.9.3/../../../../arm-none-eabi/lib/armv7e-m/fpu\libnosys.a
END GROUP
START GROUP
LOAD c:/ac6/systemworkbench/plugins/fr.ac6.mcu.externaltools.arm-none.win32_1.3.0.201507241045/tools/compiler/bin/../lib/gcc/arm-none-eabi/4.9.3/armv7e-m/fpu\libgcc.a
LOAD c:/ac6/systemworkbench/plugins/fr.ac6.mcu.externaltools.arm-none.win32_1.3.0.201507241045/tools/compiler/bin/../lib/gcc/arm-none-eabi/4.9.3/../../../../arm-none-eabi/lib/armv7e-m/fpu\libc_nano.a
LOAD c:/ac6/systemworkbench/plugins/fr.ac6.mcu.externaltools.arm-none.win32_1.3.0.201507241045/tools/compiler/bin/../lib/gcc/arm-none-eabi/4.9.3/../../../../arm-none-eabi/lib/armv7e-m/fpu\libnosys.a
END GROUP
LOAD c:/ac6/systemworkbench/plugins/fr.ac6.mcu.externaltools.arm-none.win32_1.3.0.201507241045/tools/compiler/bin/../lib/gcc/arm-none-eabi/4.9.3/armv7e-m/fpu/crtend.o
LOAD c:/ac6/systemworkbench/plugins/fr.ac6.mcu.externaltools.arm-none.win32_1.3.0.201507241045/tools/compiler/bin/../lib/gcc/arm-none-eabi/4.9.3/armv7e-m/fpu/crtn.o
                0x20020000                _estack = 0x20020000
                0x00000200                _Min_Heap_Size = 0x200
                0x00000400                _Min_Stack_Size = 0x400

.isr_vector     0x08000000      0x188
                0x08000000                . = ALIGN (0x4)
 *(.isr_vector)
 .isr_vector    0x08000000      0x188 Application/SW4STM32/startup_stm32f407xx.o
                0x08000000                g_pfnVectors
                0x08000188                . = ALIGN (0x4)

.text           0x08000188     0x2c54
                0x08000188                . = ALIGN (0x4)
 *(.text)
 .text          0x08000188       0x5c c:/ac6/systemworkbench/plugins/fr.ac6.mcu.externaltools.arm-none.win32_1.3.0.201507241045/tools/compiler/bin/../lib/gcc/arm-none-eabi/4.9.3/armv7e-m/fpu/crtbegin.o
 *(.text*)
 .text.HAL_InitTick
                0x080001e4       0x28 Drivers/STM32F4xx_HAL_Driver/stm32f4xx_hal.o
                0x080001e4                HAL_InitTick
 .text.HAL_Init
                0x0800020c       0x34 Drivers/STM32F4xx_HAL_Driver/stm32f4xx_hal.o
                0x0800020c                HAL_Init
 .text.HAL_IncTick
                0x08000240       0x10 Drivers/STM32F4xx_HAL_Driver/stm32f4xx_hal.o
                0x08000240                HAL_IncTick
 .text.HAL_GetTick
                0x08000250        0xc Drivers/STM32F4xx_HAL_Driver/stm32f4xx_hal.o
                0x08000250                HAL_GetTick
 .text.HAL_Delay
                0x0800025c       0x1a Drivers/STM32F4xx_HAL_Driver/stm32f4xx_hal.o
                0x0800025c                HAL_Delay
 *fill*         0x08000276        0x2 
 .text.HAL_NVIC_SetPriorityGrouping
                0x08000278       0x38 Drivers/STM32F4xx_HAL_Driver/stm32f4xx_hal_cortex.o
                0x08000278                HAL_NVIC_SetPriorityGrouping
 .text.HAL_NVIC_SetPriority
                0x080002b0       0x84 Drivers/STM32F4xx_HAL_Driver/stm32f4xx_hal_cortex.o
                0x080002b0                HAL_NVIC_SetPriority
 .text.HAL_NVIC_EnableIRQ
                0x08000334       0x28 Drivers/STM32F4xx_HAL_Driver/stm32f4xx_hal_cortex.o
                0x08000334                HAL_NVIC_EnableIRQ
 .text.HAL_SYSTICK_Config
                0x0800035c       0x2c Drivers/STM32F4xx_HAL_Driver/stm32f4xx_hal_cortex.o
                0x0800035c                HAL_SYSTICK_Config
 .text.HAL_SYSTICK_CLKSourceConfig
                0x08000388       0x30 Drivers/STM32F4xx_HAL_Driver/stm32f4xx_hal_cortex.o
                0x08000388                HAL_SYSTICK_CLKSourceConfig
 .text.HAL_SYSTICK_Callback
                0x080003b8        0x2 Drivers/STM32F4xx_HAL_Driver/stm32f4xx_hal_cortex.o
                0x080003b8                HAL_SYSTICK_Callback
 .text.HAL_SYSTICK_IRQHandler
                0x080003ba        0x8 Drivers/STM32F4xx_HAL_Driver/stm32f4xx_hal_cortex.o
                0x080003ba                HAL_SYSTICK_IRQHandler
 .text.HAL_DMA_Abort_IT
                0x080003c2       0x26 Drivers/STM32F4xx_HAL_Driver/stm32f4xx_hal_dma.o
                0x080003c2                HAL_DMA_Abort_IT
 .text.HAL_GPIO_Init
                0x080003e8      0x278 Drivers/STM32F4xx_HAL_Driver/stm32f4xx_hal_gpio.o
                0x080003e8                HAL_GPIO_Init
 .text.I2C_IsAcknowledgeFailed
                0x08000660       0x2c Drivers/STM32F4xx_HAL_Driver/stm32f4xx_hal_i2c.o
 .text.I2C_WaitOnFlagUntilTimeout
                0x0800068c       0x5a Drivers/STM32F4xx_HAL_Driver/stm32f4xx_hal_i2c.o
 .text.I2C_WaitOnMasterAddressFlagUntilTimeout
                0x080006e6       0x82 Drivers/STM32F4xx_HAL_Driver/stm32f4xx_hal_i2c.o
 .text.I2C_MasterRequestRead
                0x08000768       0xe8 Drivers/STM32F4xx_HAL_Driver/stm32f4xx_hal_i2c.o
 .text.I2C_MasterRequestWrite
                0x08000850       0x98 Drivers/STM32F4xx_HAL_Driver/stm32f4xx_hal_i2c.o
 .text.I2C_WaitOnTXEFlagUntilTimeout
                0x080008e8       0x4c Drivers/STM32F4xx_HAL_Driver/stm32f4xx_hal_i2c.o
 .text.I2C_WaitOnBTFFlagUntilTimeout
                0x08000934       0x4c Drivers/STM32F4xx_HAL_Driver/stm32f4xx_hal_i2c.o
 .text.I2C_WaitOnRXNEFlagUntilTimeout
                0x08000980       0x5a Drivers/STM32F4xx_HAL_Driver/stm32f4xx_hal_i2c.o
 *fill*         0x080009da        0x2 
 .text.HAL_I2C_Init
                0x080009dc      0x1a8 Drivers/STM32F4xx_HAL_Driver/stm32f4xx_hal_i2c.o
                0x080009dc                HAL_I2C_Init
 .text.HAL_I2C_Master_Transmit
                0x08000b84      0x118 Drivers/STM32F4xx_HAL_Driver/stm32f4xx_hal_i2c.o
                0x08000b84                HAL_I2C_Master_Transmit
 .text.HAL_I2C_Master_Receive
                0x08000c9c      0x1d4 Drivers/STM32F4xx_HAL_Driver/stm32f4xx_hal_i2c.o
                0x08000c9c                HAL_I2C_Master_Receive
 .text.HAL_I2C_IsDeviceReady
                0x08000e70      0x130 Drivers/STM32F4xx_HAL_Driver/stm32f4xx_hal_i2c.o
                0x08000e70                HAL_I2C_IsDeviceReady
 .text.HAL_RCC_OscConfig
                0x08000fa0      0x3b0 Drivers/STM32F4xx_HAL_Driver/stm32f4xx_hal_rcc.o
                0x08000fa0                HAL_RCC_OscConfig
 .text.HAL_RCC_GetSysClockFreq
                0x08001350       0x80 Drivers/STM32F4xx_HAL_Driver/stm32f4xx_hal_rcc.o
                0x08001350                HAL_RCC_GetSysClockFreq
 .text.HAL_RCC_ClockConfig
                0x080013d0      0x220 Drivers/STM32F4xx_HAL_Driver/stm32f4xx_hal_rcc.o
                0x080013d0                HAL_RCC_ClockConfig
 .text.HAL_RCC_GetHCLKFreq
                0x080015f0        0xc Drivers/STM32F4xx_HAL_Driver/stm32f4xx_hal_rcc.o
                0x080015f0                HAL_RCC_GetHCLKFreq
 .text.HAL_RCC_GetPCLK1Freq
                0x080015fc       0x30 Drivers/STM32F4xx_HAL_Driver/stm32f4xx_hal_rcc.o
                0x080015fc                HAL_RCC_GetPCLK1Freq
 .text.HAL_RCC_GetPCLK2Freq
                0x0800162c       0x30 Drivers/STM32F4xx_HAL_Driver/stm32f4xx_hal_rcc.o
                0x0800162c                HAL_RCC_GetPCLK2Freq
 .text.UART_EndRxTransfer
                0x0800165c       0x1a Drivers/STM32F4xx_HAL_Driver/stm32f4xx_hal_uart.o
 *fill*         0x08001676        0x2 
 .text.UART_SetConfig
                0x08001678      0x290 Drivers/STM32F4xx_HAL_Driver/stm32f4xx_hal_uart.o
 .text.UART_WaitOnFlagUntilTimeout.constprop.2
                0x08001908       0x50 Drivers/STM32F4xx_HAL_Driver/stm32f4xx_hal_uart.o
 .text.HAL_UART_Init
                0x08001958      0x100 Drivers/STM32F4xx_HAL_Driver/stm32f4xx_hal_uart.o
                0x08001958                HAL_UART_Init
 .text.HAL_UART_Transmit
                0x08001a58       0xb6 Drivers/STM32F4xx_HAL_Driver/stm32f4xx_hal_uart.o
                0x08001a58                HAL_UART_Transmit
 .text.HAL_UART_TxCpltCallback
                0x08001b0e        0x2 Drivers/STM32F4xx_HAL_Driver/stm32f4xx_hal_uart.o
                0x08001b0e                HAL_UART_TxCpltCallback
 .text.HAL_UART_RxCpltCallback
                0x08001b10        0x2 Drivers/STM32F4xx_HAL_Driver/stm32f4xx_hal_uart.o
                0x08001b10                HAL_UART_RxCpltCallback
 .text.UART_Receive_IT
                0x08001b12       0x76 Drivers/STM32F4xx_HAL_Driver/stm32f4xx_hal_uart.o
 .text.HAL_UART_ErrorCallback
                0x08001b88        0x2 Drivers/STM32F4xx_HAL_Driver/stm32f4xx_hal_uart.o
                0x08001b88                HAL_UART_ErrorCallback
 *fill*         0x08001b8a        0x2 
 .text.HAL_UART_IRQHandler
                0x08001b8c      0x144 Drivers/STM32F4xx_HAL_Driver/stm32f4xx_hal_uart.o
                0x08001b8c                HAL_UART_IRQHandler
 .text.UART_DMAAbortOnError
                0x08001cd0       0x10 Drivers/STM32F4xx_HAL_Driver/stm32f4xx_hal_uart.o
 .text.SystemInit
                0x08001ce0       0x4c Drivers/CMSIS/system_stm32f4xx.o
                0x08001ce0                SystemInit
 .text.MPU6050_SetDataRate
                0x08001d2c       0x2c Application/User/EV_MPU6050_hal.o
                0x08001d2c                MPU6050_SetDataRate
 .text.MPU6050_SetAccelerometer
                0x08001d58       0x9c Application/User/EV_MPU6050_hal.o
                0x08001d58                MPU6050_SetAccelerometer
 .text.MPU6050_SetGyroscope
                0x08001df4       0xa4 Application/User/EV_MPU6050_hal.o
                0x08001df4                MPU6050_SetGyroscope
 .text.MPU6050_Init
                0x08001e98       0xa6 Application/User/EV_MPU6050_hal.o
                0x08001e98                MPU6050_Init
 .text.MPU6050_ReadAccelerometer
                0x08001f3e       0x6e Application/User/EV_MPU6050_hal.o
                0x08001f3e                MPU6050_ReadAccelerometer
 .text.MPU6050_ReadGyroscope
                0x08001fac       0x6e Application/User/EV_MPU6050_hal.o
                0x08001fac                MPU6050_ReadGyroscope
 *fill*         0x0800201a        0x2 
 .text.MPU6050_ReadTemperature
                0x0800201c       0x78 Application/User/EV_MPU6050_hal.o
                0x0800201c                MPU6050_ReadTemperature
 .text.MX_GPIO_Init
                0x08002094      0x104 Application/User/gpio.o
                0x08002094                MX_GPIO_Init
 .text.MX_I2C1_Init
                0x08002198       0x40 Application/User/i2c.o
                0x08002198                MX_I2C1_Init
 .text.HAL_I2C_MspInit
                0x080021d8       0x54 Application/User/i2c.o
                0x080021d8                HAL_I2C_MspInit
 .text.SystemClock_Config
                0x0800222c       0xa8 Application/User/main.o
                0x0800222c                SystemClock_Config
 .text.startup.main
                0x080022d4       0xd0 Application/User/main.o
                0x080022d4                main
 .text.Error_Handler
                0x080023a4        0x2 Application/User/main.o
                0x080023a4                Error_Handler
 .text.assert_failed
                0x080023a6        0x2 Application/User/main.o
                0x080023a6                assert_failed
 .text.HAL_MspInit
                0x080023a8       0x60 Application/User/stm32f4xx_hal_msp.o
                0x080023a8                HAL_MspInit
 .text.NMI_Handler
                0x08002408        0x2 Application/User/stm32f4xx_it.o
                0x08002408                NMI_Handler
 .text.HardFault_Handler
                0x0800240a        0x2 Application/User/stm32f4xx_it.o
                0x0800240a                HardFault_Handler
 .text.MemManage_Handler
                0x0800240c        0x2 Application/User/stm32f4xx_it.o
                0x0800240c                MemManage_Handler
 .text.BusFault_Handler
                0x0800240e        0x2 Application/User/stm32f4xx_it.o
                0x0800240e                BusFault_Handler
 .text.UsageFault_Handler
                0x08002410        0x2 Application/User/stm32f4xx_it.o
                0x08002410                UsageFault_Handler
 .text.SVC_Handler
                0x08002412        0x2 Application/User/stm32f4xx_it.o
                0x08002412                SVC_Handler
 .text.DebugMon_Handler
                0x08002414        0x2 Application/User/stm32f4xx_it.o
                0x08002414                DebugMon_Handler
 .text.PendSV_Handler
                0x08002416        0x2 Application/User/stm32f4xx_it.o
                0x08002416                PendSV_Handler
 .text.SysTick_Handler
                0x08002418        0xe Application/User/stm32f4xx_it.o
                0x08002418                SysTick_Handler
 *fill*         0x08002426        0x2 
 .text.USART2_IRQHandler
                0x08002428        0xc Application/User/stm32f4xx_it.o
                0x08002428                USART2_IRQHandler
 .text.MX_USART2_UART_Init
                0x08002434       0x38 Application/User/usart.o
                0x08002434                MX_USART2_UART_Init
 .text.HAL_UART_MspInit
                0x0800246c       0x60 Application/User/usart.o
                0x0800246c                HAL_UART_MspInit
 .text.Reset_Handler
                0x080024cc       0x50 Application/SW4STM32/startup_stm32f407xx.o
                0x080024cc                Reset_Handler
 .text.Default_Handler
                0x0800251c        0x2 Application/SW4STM32/startup_stm32f407xx.o
                0x0800251c                RTC_Alarm_IRQHandler
                0x0800251c                HASH_RNG_IRQHandler
                0x0800251c                EXTI2_IRQHandler
                0x0800251c                TIM8_CC_IRQHandler
                0x0800251c                TIM1_CC_IRQHandler
                0x0800251c                DMA2_Stream5_IRQHandler
                0x0800251c                DMA1_Stream5_IRQHandler
                0x0800251c                PVD_IRQHandler
                0x0800251c                SDIO_IRQHandler
                0x0800251c                TAMP_STAMP_IRQHandler
                0x0800251c                CAN2_RX1_IRQHandler
                0x0800251c                EXTI3_IRQHandler
                0x0800251c                TIM8_TRG_COM_TIM14_IRQHandler
                0x0800251c                TIM1_UP_TIM10_IRQHandler
                0x0800251c                TIM8_UP_TIM13_IRQHandler
                0x0800251c                I2C3_ER_IRQHandler
                0x0800251c                EXTI0_IRQHandler
                0x0800251c                I2C2_EV_IRQHandler
                0x0800251c                DMA1_Stream2_IRQHandler
                0x0800251c                CAN1_RX0_IRQHandler
                0x0800251c                FPU_IRQHandler
                0x0800251c                OTG_HS_WKUP_IRQHandler
                0x0800251c                CAN2_SCE_IRQHandler
                0x0800251c                DMA2_Stream2_IRQHandler
                0x0800251c                SPI1_IRQHandler
                0x0800251c                TIM6_DAC_IRQHandler
                0x0800251c                TIM1_BRK_TIM9_IRQHandler
                0x0800251c                DCMI_IRQHandler
                0x0800251c                CAN2_RX0_IRQHandler
                0x0800251c                DMA2_Stream3_IRQHandler
                0x0800251c                USART6_IRQHandler
                0x0800251c                USART3_IRQHandler
                0x0800251c                CAN1_RX1_IRQHandler
                0x0800251c                UART5_IRQHandler
                0x0800251c                DMA2_Stream0_IRQHandler
                0x0800251c                TIM4_IRQHandler
                0x0800251c                I2C1_EV_IRQHandler
                0x0800251c                DMA1_Stream6_IRQHandler
                0x0800251c                DMA1_Stream1_IRQHandler
                0x0800251c                UART4_IRQHandler
                0x0800251c                TIM3_IRQHandler
                0x0800251c                RCC_IRQHandler
                0x0800251c                TIM8_BRK_TIM12_IRQHandler
                0x0800251c                Default_Handler
                0x0800251c                EXTI15_10_IRQHandler
                0x0800251c                ADC_IRQHandler
                0x0800251c                DMA1_Stream7_IRQHandler
                0x0800251c                TIM7_IRQHandler
                0x0800251c                CAN2_TX_IRQHandler
                0x0800251c                TIM5_IRQHandler
                0x0800251c                DMA2_Stream7_IRQHandler
                0x0800251c                I2C3_EV_IRQHandler
                0x0800251c                EXTI9_5_IRQHandler
                0x0800251c                RTC_WKUP_IRQHandler
                0x0800251c                ETH_WKUP_IRQHandler
                0x0800251c                SPI2_IRQHandler
                0x0800251c                OTG_HS_EP1_IN_IRQHandler
                0x0800251c                DMA1_Stream0_IRQHandler
                0x0800251c                CAN1_TX_IRQHandler
                0x0800251c                EXTI4_IRQHandler
                0x0800251c                FSMC_IRQHandler
                0x0800251c                ETH_IRQHandler
                0x0800251c                OTG_HS_EP1_OUT_IRQHandler
                0x0800251c                WWDG_IRQHandler
                0x0800251c                TIM2_IRQHandler
                0x0800251c                OTG_FS_WKUP_IRQHandler
                0x0800251c                TIM1_TRG_COM_TIM11_IRQHandler
                0x0800251c                OTG_HS_IRQHandler
                0x0800251c                EXTI1_IRQHandler
                0x0800251c                I2C2_ER_IRQHandler
                0x0800251c                DMA2_Stream1_IRQHandler
                0x0800251c                CAN1_SCE_IRQHandler
                0x0800251c                FLASH_IRQHandler
                0x0800251c                DMA2_Stream4_IRQHandler
                0x0800251c                USART1_IRQHandler
                0x0800251c                OTG_FS_IRQHandler
                0x0800251c                SPI3_IRQHandler
                0x0800251c                DMA1_Stream4_IRQHandler
                0x0800251c                I2C1_ER_IRQHandler
                0x0800251c                DMA2_Stream6_IRQHandler
                0x0800251c                DMA1_Stream3_IRQHandler
 *fill*         0x0800251e        0x2 
 .text.__libc_init_array
                0x08002520       0x4c c:/ac6/systemworkbench/plugins/fr.ac6.mcu.externaltools.arm-none.win32_1.3.0.201507241045/tools/compiler/bin/../lib/gcc/arm-none-eabi/4.9.3/../../../../arm-none-eabi/lib/armv7e-m/fpu\libc_nano.a(lib_a-init.o)
                0x08002520                __libc_init_array
 .text.memset   0x0800256c       0x10 c:/ac6/systemworkbench/plugins/fr.ac6.mcu.externaltools.arm-none.win32_1.3.0.201507241045/tools/compiler/bin/../lib/gcc/arm-none-eabi/4.9.3/../../../../arm-none-eabi/lib/armv7e-m/fpu\libc_nano.a(lib_a-memset.o)
                0x0800256c                memset
 .text.sprintf  0x0800257c       0x48 c:/ac6/systemworkbench/plugins/fr.ac6.mcu.externaltools.arm-none.win32_1.3.0.201507241045/tools/compiler/bin/../lib/gcc/arm-none-eabi/4.9.3/../../../../arm-none-eabi/lib/armv7e-m/fpu\libc_nano.a(lib_a-sprintf.o)
                0x0800257c                siprintf
                0x0800257c                sprintf
 .text.__ssputs_r
                0x080025c4       0xb2 c:/ac6/systemworkbench/plugins/fr.ac6.mcu.externaltools.arm-none.win32_1.3.0.201507241045/tools/compiler/bin/../lib/gcc/arm-none-eabi/4.9.3/../../../../arm-none-eabi/lib/armv7e-m/fpu\libc_nano.a(lib_a-nano-svfprintf.o)
                0x080025c4                __ssputs_r
 *fill*         0x08002676        0x2 
 .text._svfprintf_r
                0x08002678      0x1e4 c:/ac6/systemworkbench/plugins/fr.ac6.mcu.externaltools.arm-none.win32_1.3.0.201507241045/tools/compiler/bin/../lib/gcc/arm-none-eabi/4.9.3/../../../../arm-none-eabi/lib/armv7e-m/fpu\libc_nano.a(lib_a-nano-svfprintf.o)
                0x08002678                _svfiprintf_r
                0x08002678                _svfprintf_r
 .text._printf_common
                0x0800285c       0xea c:/ac6/systemworkbench/plugins/fr.ac6.mcu.externaltools.arm-none.win32_1.3.0.201507241045/tools/compiler/bin/../lib/gcc/arm-none-eabi/4.9.3/../../../../arm-none-eabi/lib/armv7e-m/fpu\libc_nano.a(lib_a-nano-vfprintf_i.o)
                0x0800285c                _printf_common
 *fill*         0x08002946        0x2 
 .text._printf_i
                0x08002948      0x240 c:/ac6/systemworkbench/plugins/fr.ac6.mcu.externaltools.arm-none.win32_1.3.0.201507241045/tools/compiler/bin/../lib/gcc/arm-none-eabi/4.9.3/../../../../arm-none-eabi/lib/armv7e-m/fpu\libc_nano.a(lib_a-nano-vfprintf_i.o)
                0x08002948                _printf_i
 .text.memchr   0x08002b88       0x1e c:/ac6/systemworkbench/plugins/fr.ac6.mcu.externaltools.arm-none.win32_1.3.0.201507241045/tools/compiler/bin/../lib/gcc/arm-none-eabi/4.9.3/../../../../arm-none-eabi/lib/armv7e-m/fpu\libc_nano.a(lib_a-memchr.o)
                0x08002b88                memchr
 .text.memcpy   0x08002ba6       0x16 c:/ac6/systemworkbench/plugins/fr.ac6.mcu.externaltools.arm-none.win32_1.3.0.201507241045/tools/compiler/bin/../lib/gcc/arm-none-eabi/4.9.3/../../../../arm-none-eabi/lib/armv7e-m/fpu\libc_nano.a(lib_a-memcpy.o)
                0x08002ba6                memcpy
 .text.memmove  0x08002bbc       0x36 c:/ac6/systemworkbench/plugins/fr.ac6.mcu.externaltools.arm-none.win32_1.3.0.201507241045/tools/compiler/bin/../lib/gcc/arm-none-eabi/4.9.3/../../../../arm-none-eabi/lib/armv7e-m/fpu\libc_nano.a(lib_a-memmove.o)
                0x08002bbc                memmove
 *fill*         0x08002bf2        0x2 
 .text._free_r  0x08002bf4       0x88 c:/ac6/systemworkbench/plugins/fr.ac6.mcu.externaltools.arm-none.win32_1.3.0.201507241045/tools/compiler/bin/../lib/gcc/arm-none-eabi/4.9.3/../../../../arm-none-eabi/lib/armv7e-m/fpu\libc_nano.a(lib_a-nano-freer.o)
                0x08002bf4                _free_r
 .text._malloc_r
                0x08002c7c       0xac c:/ac6/systemworkbench/plugins/fr.ac6.mcu.externaltools.arm-none.win32_1.3.0.201507241045/tools/compiler/bin/../lib/gcc/arm-none-eabi/4.9.3/../../../../arm-none-eabi/lib/armv7e-m/fpu\libc_nano.a(lib_a-nano-mallocr.o)
                0x08002c7c                _malloc_r
 .text._realloc_r
                0x08002d28       0x4c c:/ac6/systemworkbench/plugins/fr.ac6.mcu.externaltools.arm-none.win32_1.3.0.201507241045/tools/compiler/bin/../lib/gcc/arm-none-eabi/4.9.3/../../../../arm-none-eabi/lib/armv7e-m/fpu\libc_nano.a(lib_a-nano-reallocr.o)
                0x08002d28                _realloc_r
 .text._sbrk_r  0x08002d74       0x20 c:/ac6/systemworkbench/plugins/fr.ac6.mcu.externaltools.arm-none.win32_1.3.0.201507241045/tools/compiler/bin/../lib/gcc/arm-none-eabi/4.9.3/../../../../arm-none-eabi/lib/armv7e-m/fpu\libc_nano.a(lib_a-sbrkr.o)
                0x08002d74                _sbrk_r
 .text._malloc_usable_size_r
                0x08002d94       0x14 c:/ac6/systemworkbench/plugins/fr.ac6.mcu.externaltools.arm-none.win32_1.3.0.201507241045/tools/compiler/bin/../lib/gcc/arm-none-eabi/4.9.3/../../../../arm-none-eabi/lib/armv7e-m/fpu\libc_nano.a(lib_a-nano-msizer.o)
                0x08002d94                _malloc_usable_size_r
 .text._sbrk    0x08002da8       0x1c c:/ac6/systemworkbench/plugins/fr.ac6.mcu.externaltools.arm-none.win32_1.3.0.201507241045/tools/compiler/bin/../lib/gcc/arm-none-eabi/4.9.3/../../../../arm-none-eabi/lib/armv7e-m/fpu\libnosys.a(sbrk.o)
                0x08002da8                _sbrk
 *(.glue_7)
 .glue_7        0x00000000        0x0 linker stubs
 *(.glue_7t)
 .glue_7t       0x00000000        0x0 linker stubs
 *(.eh_frame)
 .eh_frame      0x08002dc4        0x0 c:/ac6/systemworkbench/plugins/fr.ac6.mcu.externaltools.arm-none.win32_1.3.0.201507241045/tools/compiler/bin/../lib/gcc/arm-none-eabi/4.9.3/armv7e-m/fpu/crtbegin.o
 *(.init)
 .init          0x08002dc4        0x4 c:/ac6/systemworkbench/plugins/fr.ac6.mcu.externaltools.arm-none.win32_1.3.0.201507241045/tools/compiler/bin/../lib/gcc/arm-none-eabi/4.9.3/armv7e-m/fpu/crti.o
                0x08002dc4                _init
 .init          0x08002dc8        0x8 c:/ac6/systemworkbench/plugins/fr.ac6.mcu.externaltools.arm-none.win32_1.3.0.201507241045/tools/compiler/bin/../lib/gcc/arm-none-eabi/4.9.3/armv7e-m/fpu/crtn.o
 *(.fini)
 .fini          0x08002dd0        0x4 c:/ac6/systemworkbench/plugins/fr.ac6.mcu.externaltools.arm-none.win32_1.3.0.201507241045/tools/compiler/bin/../lib/gcc/arm-none-eabi/4.9.3/armv7e-m/fpu/crti.o
                0x08002dd0                _fini
 .fini          0x08002dd4        0x8 c:/ac6/systemworkbench/plugins/fr.ac6.mcu.externaltools.arm-none.win32_1.3.0.201507241045/tools/compiler/bin/../lib/gcc/arm-none-eabi/4.9.3/armv7e-m/fpu/crtn.o
                0x08002ddc                . = ALIGN (0x4)
                0x08002ddc                _etext = .

.vfp11_veneer   0x08002ddc        0x0
 .vfp11_veneer  0x00000000        0x0 linker stubs

.v4_bx          0x08002ddc        0x0
 .v4_bx         0x00000000        0x0 linker stubs

.iplt           0x08002ddc        0x0
 .iplt          0x00000000        0x0 c:/ac6/systemworkbench/plugins/fr.ac6.mcu.externaltools.arm-none.win32_1.3.0.201507241045/tools/compiler/bin/../lib/gcc/arm-none-eabi/4.9.3/armv7e-m/fpu/crtbegin.o

.rodata         0x08002ddc      0x26c
                0x08002ddc                . = ALIGN (0x4)
 *(.rodata)
 .rodata        0x08002ddc       0x10 Drivers/STM32F4xx_HAL_Driver/stm32f4xx_hal_rcc.o
                0x08002ddc                APBAHBPrescTable
 *(.rodata*)
 .rodata.str1.1
                0x08002dec       0x66 Drivers/STM32F4xx_HAL_Driver/stm32f4xx_hal_cortex.o
 .rodata.str1.1
                0x08002e52       0x64 Drivers/STM32F4xx_HAL_Driver/stm32f4xx_hal_gpio.o
 .rodata.str1.1
                0x08002eb6       0x63 Drivers/STM32F4xx_HAL_Driver/stm32f4xx_hal_i2c.o
 .rodata.str1.1
                0x08002f19       0x63 Drivers/STM32F4xx_HAL_Driver/stm32f4xx_hal_rcc.o
 .rodata.str1.1
                0x08002f7c       0x64 Drivers/STM32F4xx_HAL_Driver/stm32f4xx_hal_uart.o
 .rodata.str1.1
                0x08002fe0       0x32 Application/User/main.o
 .rodata.str1.1
                0x08003012        0x2 c:/ac6/systemworkbench/plugins/fr.ac6.mcu.externaltools.arm-none.win32_1.3.0.201507241045/tools/compiler/bin/../lib/gcc/arm-none-eabi/4.9.3/../../../../arm-none-eabi/lib/armv7e-m/fpu\libc_nano.a(lib_a-impure.o)
 .rodata.str1.1
                0x08003014       0x11 c:/ac6/systemworkbench/plugins/fr.ac6.mcu.externaltools.arm-none.win32_1.3.0.201507241045/tools/compiler/bin/../lib/gcc/arm-none-eabi/4.9.3/../../../../arm-none-eabi/lib/armv7e-m/fpu\libc_nano.a(lib_a-nano-svfprintf.o)
 .rodata.str1.1
                0x08003025       0x22 c:/ac6/systemworkbench/plugins/fr.ac6.mcu.externaltools.arm-none.win32_1.3.0.201507241045/tools/compiler/bin/../lib/gcc/arm-none-eabi/4.9.3/../../../../arm-none-eabi/lib/armv7e-m/fpu\libc_nano.a(lib_a-nano-vfprintf_i.o)
                0x08003048                . = ALIGN (0x4)
 *fill*         0x08003047        0x1 

.rel.dyn        0x08003048        0x0
 .rel.iplt      0x00000000        0x0 c:/ac6/systemworkbench/plugins/fr.ac6.mcu.externaltools.arm-none.win32_1.3.0.201507241045/tools/compiler/bin/../lib/gcc/arm-none-eabi/4.9.3/armv7e-m/fpu/crtbegin.o

.ARM.extab
 *(.ARM.extab* .gnu.linkonce.armextab.*)

.ARM            0x08003048        0x0
                0x08003048                __exidx_start = .
 *(.ARM.exidx*)
                0x08003048                __exidx_end = .

.preinit_array  0x08003048        0x0
                0x08003048                PROVIDE (__preinit_array_start, .)
 *(.preinit_array*)
                0x08003048                PROVIDE (__preinit_array_end, .)

.init_array     0x08003048        0x4
                0x08003048                PROVIDE (__init_array_start, .)
 *(SORT(.init_array.*))
 *(.init_array*)
 .init_array    0x08003048        0x4 c:/ac6/systemworkbench/plugins/fr.ac6.mcu.externaltools.arm-none.win32_1.3.0.201507241045/tools/compiler/bin/../lib/gcc/arm-none-eabi/4.9.3/armv7e-m/fpu/crtbegin.o
                0x0800304c                PROVIDE (__init_array_end, .)

.fini_array     0x0800304c        0x4
                0x0800304c                PROVIDE (__fini_array_start, .)
 *(SORT(.fini_array.*))
 *(.fini_array*)
 .fini_array    0x0800304c        0x4 c:/ac6/systemworkbench/plugins/fr.ac6.mcu.externaltools.arm-none.win32_1.3.0.201507241045/tools/compiler/bin/../lib/gcc/arm-none-eabi/4.9.3/armv7e-m/fpu/crtbegin.o
                0x08003050                PROVIDE (__fini_array_end, .)
                0x08003050                _sidata = LOADADDR (.data)

.data           0x20000000       0x68 load address 0x08003050
                0x20000000                . = ALIGN (0x4)
                0x20000000                _sdata = .
 *(.data)
 .data          0x20000000        0x4 Drivers/CMSIS/system_stm32f4xx.o
                0x20000000                SystemCoreClock
 *(.data*)
 .data.impure_data
                0x20000004       0x60 c:/ac6/systemworkbench/plugins/fr.ac6.mcu.externaltools.arm-none.win32_1.3.0.201507241045/tools/compiler/bin/../lib/gcc/arm-none-eabi/4.9.3/../../../../arm-none-eabi/lib/armv7e-m/fpu\libc_nano.a(lib_a-impure.o)
 .data._impure_ptr
                0x20000064        0x4 c:/ac6/systemworkbench/plugins/fr.ac6.mcu.externaltools.arm-none.win32_1.3.0.201507241045/tools/compiler/bin/../lib/gcc/arm-none-eabi/4.9.3/../../../../arm-none-eabi/lib/armv7e-m/fpu\libc_nano.a(lib_a-impure.o)
                0x20000064                _impure_ptr
                0x20000068                . = ALIGN (0x4)
                0x20000068                _edata = .
                0x080030b8                _siccmram = LOADADDR (.ccmram)

.jcr            0x20000068        0x0 load address 0x080030b8
 .jcr           0x20000068        0x0 c:/ac6/systemworkbench/plugins/fr.ac6.mcu.externaltools.arm-none.win32_1.3.0.201507241045/tools/compiler/bin/../lib/gcc/arm-none-eabi/4.9.3/armv7e-m/fpu/crtbegin.o

.igot.plt       0x20000068        0x0 load address 0x080030b8
 .igot.plt      0x00000000        0x0 c:/ac6/systemworkbench/plugins/fr.ac6.mcu.externaltools.arm-none.win32_1.3.0.201507241045/tools/compiler/bin/../lib/gcc/arm-none-eabi/4.9.3/armv7e-m/fpu/crtbegin.o

.ccmram         0x10000000        0x0 load address 0x080030b8
                0x10000000                . = ALIGN (0x4)
                0x10000000                _sccmram = .
 *(.ccmram)
 *(.ccmram*)
                0x10000000                . = ALIGN (0x4)
                0x10000000                _eccmram = .
                0x10000000                . = ALIGN (0x4)

.bss            0x20000068       0xe0
                0x20000068                _sbss = .
                0x20000068                __bss_start__ = _sbss
 *(.bss)
 .bss           0x20000068       0x1c c:/ac6/systemworkbench/plugins/fr.ac6.mcu.externaltools.arm-none.win32_1.3.0.201507241045/tools/compiler/bin/../lib/gcc/arm-none-eabi/4.9.3/armv7e-m/fpu/crtbegin.o
 *(.bss*)
 .bss.__malloc_sbrk_start
                0x20000084        0x4 c:/ac6/systemworkbench/plugins/fr.ac6.mcu.externaltools.arm-none.win32_1.3.0.201507241045/tools/compiler/bin/../lib/gcc/arm-none-eabi/4.9.3/../../../../arm-none-eabi/lib/armv7e-m/fpu\libc_nano.a(lib_a-nano-mallocr.o)
                0x20000084                __malloc_sbrk_start
 .bss.__malloc_free_list
                0x20000088        0x4 c:/ac6/systemworkbench/plugins/fr.ac6.mcu.externaltools.arm-none.win32_1.3.0.201507241045/tools/compiler/bin/../lib/gcc/arm-none-eabi/4.9.3/../../../../arm-none-eabi/lib/armv7e-m/fpu\libc_nano.a(lib_a-nano-mallocr.o)
                0x20000088                __malloc_free_list
 .bss.heap_end.4079
                0x2000008c        0x4 c:/ac6/systemworkbench/plugins/fr.ac6.mcu.externaltools.arm-none.win32_1.3.0.201507241045/tools/compiler/bin/../lib/gcc/arm-none-eabi/4.9.3/../../../../arm-none-eabi/lib/armv7e-m/fpu\libnosys.a(sbrk.o)
 *(COMMON)
 COMMON         0x20000090        0x4 Drivers/STM32F4xx_HAL_Driver/stm32f4xx_hal.o
                0x20000090                uwTick
 COMMON         0x20000094       0x54 Application/User/i2c.o
                0x20000094                hi2c1
 COMMON         0x200000e8       0x1c Application/User/main.o
                0x200000e8                mpu1
 COMMON         0x20000104       0x40 Application/User/usart.o
                0x20000104                huart2
 COMMON         0x20000144        0x4 c:/ac6/systemworkbench/plugins/fr.ac6.mcu.externaltools.arm-none.win32_1.3.0.201507241045/tools/compiler/bin/../lib/gcc/arm-none-eabi/4.9.3/../../../../arm-none-eabi/lib/armv7e-m/fpu\libc_nano.a(lib_a-reent.o)
                0x20000144                errno
                0x20000148                . = ALIGN (0x4)
                0x20000148                _ebss = .
                0x20000148                __bss_end__ = _ebss

._user_heap_stack
                0x20000148      0x600
                0x20000148                . = ALIGN (0x8)
                0x20000148                PROVIDE (end, .)
                0x20000148                PROVIDE (_end, .)
                0x20000348                . = (. + _Min_Heap_Size)
 *fill*         0x20000148      0x200 
                0x20000748                . = (. + _Min_Stack_Size)
 *fill*         0x20000348      0x400 
                0x20000748                . = ALIGN (0x8)

/DISCARD/
 libc.a(*)
 libm.a(*)
 libgcc.a(*)

.ARM.attributes
                0x00000000       0x30
 *(.ARM.attributes)
 .ARM.attributes
                0x00000000       0x22 c:/ac6/systemworkbench/plugins/fr.ac6.mcu.externaltools.arm-none.win32_1.3.0.201507241045/tools/compiler/bin/../lib/gcc/arm-none-eabi/4.9.3/armv7e-m/fpu/crti.o
 .ARM.attributes
                0x00000022       0x34 c:/ac6/systemworkbench/plugins/fr.ac6.mcu.externaltools.arm-none.win32_1.3.0.201507241045/tools/compiler/bin/../lib/gcc/arm-none-eabi/4.9.3/armv7e-m/fpu/crtbegin.o
 .ARM.attributes
                0x00000056       0x39 Drivers/STM32F4xx_HAL_Driver/stm32f4xx_hal.o
 .ARM.attributes
                0x0000008f       0x39 Drivers/STM32F4xx_HAL_Driver/stm32f4xx_hal_cortex.o
 .ARM.attributes
                0x000000c8       0x39 Drivers/STM32F4xx_HAL_Driver/stm32f4xx_hal_dma.o
 .ARM.attributes
                0x00000101       0x39 Drivers/STM32F4xx_HAL_Driver/stm32f4xx_hal_gpio.o
 .ARM.attributes
                0x0000013a       0x39 Drivers/STM32F4xx_HAL_Driver/stm32f4xx_hal_i2c.o
 .ARM.attributes
                0x00000173       0x39 Drivers/STM32F4xx_HAL_Driver/stm32f4xx_hal_rcc.o
 .ARM.attributes
                0x000001ac       0x39 Drivers/STM32F4xx_HAL_Driver/stm32f4xx_hal_uart.o
 .ARM.attributes
                0x000001e5       0x39 Drivers/CMSIS/system_stm32f4xx.o
 .ARM.attributes
                0x0000021e       0x39 Application/User/EV_MPU6050_hal.o
 .ARM.attributes
                0x00000257       0x39 Application/User/gpio.o
 .ARM.attributes
                0x00000290       0x39 Application/User/i2c.o
 .ARM.attributes
                0x000002c9       0x39 Application/User/main.o
 .ARM.attributes
                0x00000302       0x39 Application/User/stm32f4xx_hal_msp.o
 .ARM.attributes
                0x0000033b       0x39 Application/User/stm32f4xx_it.o
 .ARM.attributes
                0x00000374       0x39 Application/User/usart.o
 .ARM.attributes
                0x000003ad       0x21 Application/SW4STM32/startup_stm32f407xx.o
 .ARM.attributes
                0x000003ce       0x34 c:/ac6/systemworkbench/plugins/fr.ac6.mcu.externaltools.arm-none.win32_1.3.0.201507241045/tools/compiler/bin/../lib/gcc/arm-none-eabi/4.9.3/../../../../arm-none-eabi/lib/armv7e-m/fpu\libc_nano.a(lib_a-impure.o)
 .ARM.attributes
                0x00000402       0x34 c:/ac6/systemworkbench/plugins/fr.ac6.mcu.externaltools.arm-none.win32_1.3.0.201507241045/tools/compiler/bin/../lib/gcc/arm-none-eabi/4.9.3/../../../../arm-none-eabi/lib/armv7e-m/fpu\libc_nano.a(lib_a-init.o)
 .ARM.attributes
                0x00000436       0x34 c:/ac6/systemworkbench/plugins/fr.ac6.mcu.externaltools.arm-none.win32_1.3.0.201507241045/tools/compiler/bin/../lib/gcc/arm-none-eabi/4.9.3/../../../../arm-none-eabi/lib/armv7e-m/fpu\libc_nano.a(lib_a-memset.o)
 .ARM.attributes
                0x0000046a       0x34 c:/ac6/systemworkbench/plugins/fr.ac6.mcu.externaltools.arm-none.win32_1.3.0.201507241045/tools/compiler/bin/../lib/gcc/arm-none-eabi/4.9.3/../../../../arm-none-eabi/lib/armv7e-m/fpu\libc_nano.a(lib_a-sprintf.o)
 .ARM.attributes
                0x0000049e       0x34 c:/ac6/systemworkbench/plugins/fr.ac6.mcu.externaltools.arm-none.win32_1.3.0.201507241045/tools/compiler/bin/../lib/gcc/arm-none-eabi/4.9.3/../../../../arm-none-eabi/lib/armv7e-m/fpu\libc_nano.a(lib_a-nano-svfprintf.o)
 .ARM.attributes
                0x000004d2       0x34 c:/ac6/systemworkbench/plugins/fr.ac6.mcu.externaltools.arm-none.win32_1.3.0.201507241045/tools/compiler/bin/../lib/gcc/arm-none-eabi/4.9.3/../../../../arm-none-eabi/lib/armv7e-m/fpu\libc_nano.a(lib_a-nano-vfprintf_i.o)
 .ARM.attributes
                0x00000506       0x34 c:/ac6/systemworkbench/plugins/fr.ac6.mcu.externaltools.arm-none.win32_1.3.0.201507241045/tools/compiler/bin/../lib/gcc/arm-none-eabi/4.9.3/../../../../arm-none-eabi/lib/armv7e-m/fpu\libc_nano.a(lib_a-memchr.o)
 .ARM.attributes
                0x0000053a       0x34 c:/ac6/systemworkbench/plugins/fr.ac6.mcu.externaltools.arm-none.win32_1.3.0.201507241045/tools/compiler/bin/../lib/gcc/arm-none-eabi/4.9.3/../../../../arm-none-eabi/lib/armv7e-m/fpu\libc_nano.a(lib_a-memcpy.o)
 .ARM.attributes
                0x0000056e       0x34 c:/ac6/systemworkbench/plugins/fr.ac6.mcu.externaltools.arm-none.win32_1.3.0.201507241045/tools/compiler/bin/../lib/gcc/arm-none-eabi/4.9.3/../../../../arm-none-eabi/lib/armv7e-m/fpu\libc_nano.a(lib_a-memmove.o)
 .ARM.attributes
                0x000005a2       0x34 c:/ac6/systemworkbench/plugins/fr.ac6.mcu.externaltools.arm-none.win32_1.3.0.201507241045/tools/compiler/bin/../lib/gcc/arm-none-eabi/4.9.3/../../../../arm-none-eabi/lib/armv7e-m/fpu\libc_nano.a(lib_a-nano-freer.o)
 .ARM.attributes
                0x000005d6       0x34 c:/ac6/systemworkbench/plugins/fr.ac6.mcu.externaltools.arm-none.win32_1.3.0.201507241045/tools/compiler/bin/../lib/gcc/arm-none-eabi/4.9.3/../../../../arm-none-eabi/lib/armv7e-m/fpu\libc_nano.a(lib_a-nano-mallocr.o)
 .ARM.attributes
                0x0000060a       0x34 c:/ac6/systemworkbench/plugins/fr.ac6.mcu.externaltools.arm-none.win32_1.3.0.201507241045/tools/compiler/bin/../lib/gcc/arm-none-eabi/4.9.3/../../../../arm-none-eabi/lib/armv7e-m/fpu\libc_nano.a(lib_a-nano-reallocr.o)
 .ARM.attributes
                0x0000063e       0x34 c:/ac6/systemworkbench/plugins/fr.ac6.mcu.externaltools.arm-none.win32_1.3.0.201507241045/tools/compiler/bin/../lib/gcc/arm-none-eabi/4.9.3/../../../../arm-none-eabi/lib/armv7e-m/fpu\libc_nano.a(lib_a-sbrkr.o)
 .ARM.attributes
                0x00000672       0x34 c:/ac6/systemworkbench/plugins/fr.ac6.mcu.externaltools.arm-none.win32_1.3.0.201507241045/tools/compiler/bin/../lib/gcc/arm-none-eabi/4.9.3/../../../../arm-none-eabi/lib/armv7e-m/fpu\libc_nano.a(lib_a-nano-msizer.o)
 .ARM.attributes
                0x000006a6       0x34 c:/ac6/systemworkbench/plugins/fr.ac6.mcu.externaltools.arm-none.win32_1.3.0.201507241045/tools/compiler/bin/../lib/gcc/arm-none-eabi/4.9.3/../../../../arm-none-eabi/lib/armv7e-m/fpu\libc_nano.a(lib_a-reent.o)
 .ARM.attributes
                0x000006da       0x34 c:/ac6/systemworkbench/plugins/fr.ac6.mcu.externaltools.arm-none.win32_1.3.0.201507241045/tools/compiler/bin/../lib/gcc/arm-none-eabi/4.9.3/../../../../arm-none-eabi/lib/armv7e-m/fpu\libnosys.a(sbrk.o)
 .ARM.attributes
                0x0000070e       0x22 c:/ac6/systemworkbench/plugins/fr.ac6.mcu.externaltools.arm-none.win32_1.3.0.201507241045/tools/compiler/bin/../lib/gcc/arm-none-eabi/4.9.3/armv7e-m/fpu/crtn.o
OUTPUT(GY-521.elf elf32-littlearm)

.debug_info     0x00000000     0xda71
 .debug_info    0x00000000      0x916 Drivers/STM32F4xx_HAL_Driver/stm32f4xx_hal.o
 .debug_info    0x00000916     0x110a Drivers/STM32F4xx_HAL_Driver/stm32f4xx_hal_cortex.o
 .debug_info    0x00001a20      0xbdf Drivers/STM32F4xx_HAL_Driver/stm32f4xx_hal_dma.o
 .debug_info    0x000025ff      0x882 Drivers/STM32F4xx_HAL_Driver/stm32f4xx_hal_gpio.o
 .debug_info    0x00002e81     0x3536 Drivers/STM32F4xx_HAL_Driver/stm32f4xx_hal_i2c.o
 .debug_info    0x000063b7      0xf76 Drivers/STM32F4xx_HAL_Driver/stm32f4xx_hal_rcc.o
 .debug_info    0x0000732d     0x1668 Drivers/STM32F4xx_HAL_Driver/stm32f4xx_hal_uart.o
 .debug_info    0x00008995      0x4a9 Drivers/CMSIS/system_stm32f4xx.o
 .debug_info    0x00008e3e     0x12c6 Application/User/EV_MPU6050_hal.o
 .debug_info    0x0000a104      0x4f1 Application/User/gpio.o
 .debug_info    0x0000a5f5      0x9bc Application/User/i2c.o
 .debug_info    0x0000afb1     0x13ce Application/User/main.o
 .debug_info    0x0000c37f      0x417 Application/User/stm32f4xx_hal_msp.o
 .debug_info    0x0000c796      0x620 Application/User/stm32f4xx_it.o
 .debug_info    0x0000cdb6      0xbd8 Application/User/usart.o
 .debug_info    0x0000d98e       0xe3 Application/SW4STM32/startup_stm32f407xx.o

.debug_abbrev   0x00000000     0x2214
 .debug_abbrev  0x00000000      0x25b Drivers/STM32F4xx_HAL_Driver/stm32f4xx_hal.o
 .debug_abbrev  0x0000025b      0x33e Drivers/STM32F4xx_HAL_Driver/stm32f4xx_hal_cortex.o
 .debug_abbrev  0x00000599      0x2f1 Drivers/STM32F4xx_HAL_Driver/stm32f4xx_hal_dma.o
 .debug_abbrev  0x0000088a      0x209 Drivers/STM32F4xx_HAL_Driver/stm32f4xx_hal_gpio.o
 .debug_abbrev  0x00000a93      0x331 Drivers/STM32F4xx_HAL_Driver/stm32f4xx_hal_i2c.o
 .debug_abbrev  0x00000dc4      0x383 Drivers/STM32F4xx_HAL_Driver/stm32f4xx_hal_rcc.o
 .debug_abbrev  0x00001147      0x30d Drivers/STM32F4xx_HAL_Driver/stm32f4xx_hal_uart.o
 .debug_abbrev  0x00001454      0x104 Drivers/CMSIS/system_stm32f4xx.o
 .debug_abbrev  0x00001558      0x251 Application/User/EV_MPU6050_hal.o
 .debug_abbrev  0x000017a9      0x14b Application/User/gpio.o
 .debug_abbrev  0x000018f4      0x1ea Application/User/i2c.o
 .debug_abbrev  0x00001ade      0x2d9 Application/User/main.o
 .debug_abbrev  0x00001db7       0xd4 Application/User/stm32f4xx_hal_msp.o
 .debug_abbrev  0x00001e8b      0x17c Application/User/stm32f4xx_it.o
 .debug_abbrev  0x00002007      0x1fb Application/User/usart.o
 .debug_abbrev  0x00002202       0x12 Application/SW4STM32/startup_stm32f407xx.o

.debug_loc      0x00000000     0x5b40
 .debug_loc     0x00000000       0x90 Drivers/STM32F4xx_HAL_Driver/stm32f4xx_hal.o
 .debug_loc     0x00000090      0x4c4 Drivers/STM32F4xx_HAL_Driver/stm32f4xx_hal_cortex.o
 .debug_loc     0x00000554      0x72b Drivers/STM32F4xx_HAL_Driver/stm32f4xx_hal_dma.o
 .debug_loc     0x00000c7f      0x564 Drivers/STM32F4xx_HAL_Driver/stm32f4xx_hal_gpio.o
 .debug_loc     0x000011e3     0x2bf6 Drivers/STM32F4xx_HAL_Driver/stm32f4xx_hal_i2c.o
 .debug_loc     0x00003dd9      0x46c Drivers/STM32F4xx_HAL_Driver/stm32f4xx_hal_rcc.o
 .debug_loc     0x00004245     0x1165 Drivers/STM32F4xx_HAL_Driver/stm32f4xx_hal_uart.o
 .debug_loc     0x000053aa       0xda Drivers/CMSIS/system_stm32f4xx.o
 .debug_loc     0x00005484      0x5ea Application/User/EV_MPU6050_hal.o
 .debug_loc     0x00005a6e       0x4d Application/User/i2c.o
 .debug_loc     0x00005abb       0x38 Application/User/main.o
 .debug_loc     0x00005af3       0x4d Application/User/usart.o

.debug_aranges  0x00000000      0x7f0
 .debug_aranges
                0x00000000       0xc0 Drivers/STM32F4xx_HAL_Driver/stm32f4xx_hal.o
 .debug_aranges
                0x000000c0       0x98 Drivers/STM32F4xx_HAL_Driver/stm32f4xx_hal_cortex.o
 .debug_aranges
                0x00000158       0x80 Drivers/STM32F4xx_HAL_Driver/stm32f4xx_hal_dma.o
 .debug_aranges
                0x000001d8       0x58 Drivers/STM32F4xx_HAL_Driver/stm32f4xx_hal_gpio.o
 .debug_aranges
                0x00000230      0x1e8 Drivers/STM32F4xx_HAL_Driver/stm32f4xx_hal_i2c.o
 .debug_aranges
                0x00000418       0x88 Drivers/STM32F4xx_HAL_Driver/stm32f4xx_hal_rcc.o
 .debug_aranges
                0x000004a0      0x150 Drivers/STM32F4xx_HAL_Driver/stm32f4xx_hal_uart.o
 .debug_aranges
                0x000005f0       0x28 Drivers/CMSIS/system_stm32f4xx.o
 .debug_aranges
                0x00000618       0x70 Application/User/EV_MPU6050_hal.o
 .debug_aranges
                0x00000688       0x20 Application/User/gpio.o
 .debug_aranges
                0x000006a8       0x30 Application/User/i2c.o
 .debug_aranges
                0x000006d8       0x38 Application/User/main.o
 .debug_aranges
                0x00000710       0x20 Application/User/stm32f4xx_hal_msp.o
 .debug_aranges
                0x00000730       0x68 Application/User/stm32f4xx_it.o
 .debug_aranges
                0x00000798       0x30 Application/User/usart.o
 .debug_aranges
                0x000007c8       0x28 Application/SW4STM32/startup_stm32f407xx.o

.debug_ranges   0x00000000      0x958
 .debug_ranges  0x00000000       0xb0 Drivers/STM32F4xx_HAL_Driver/stm32f4xx_hal.o
 .debug_ranges  0x000000b0      0x120 Drivers/STM32F4xx_HAL_Driver/stm32f4xx_hal_cortex.o
 .debug_ranges  0x000001d0       0x90 Drivers/STM32F4xx_HAL_Driver/stm32f4xx_hal_dma.o
 .debug_ranges  0x00000260       0x48 Drivers/STM32F4xx_HAL_Driver/stm32f4xx_hal_gpio.o
 .debug_ranges  0x000002a8      0x208 Drivers/STM32F4xx_HAL_Driver/stm32f4xx_hal_i2c.o
 .debug_ranges  0x000004b0      0x160 Drivers/STM32F4xx_HAL_Driver/stm32f4xx_hal_rcc.o
 .debug_ranges  0x00000610      0x158 Drivers/STM32F4xx_HAL_Driver/stm32f4xx_hal_uart.o
 .debug_ranges  0x00000768       0x18 Drivers/CMSIS/system_stm32f4xx.o
 .debug_ranges  0x00000780       0x60 Application/User/EV_MPU6050_hal.o
 .debug_ranges  0x000007e0       0x50 Application/User/gpio.o
 .debug_ranges  0x00000830       0x20 Application/User/i2c.o
 .debug_ranges  0x00000850       0x48 Application/User/main.o
 .debug_ranges  0x00000898       0x10 Application/User/stm32f4xx_hal_msp.o
 .debug_ranges  0x000008a8       0x58 Application/User/stm32f4xx_it.o
 .debug_ranges  0x00000900       0x38 Application/User/usart.o
 .debug_ranges  0x00000938       0x20 Application/SW4STM32/startup_stm32f407xx.o

.debug_macro    0x00000000    0x13ecd
 .debug_macro   0x00000000      0x2de Drivers/STM32F4xx_HAL_Driver/stm32f4xx_hal.o
 .debug_macro   0x000002de      0x886 Drivers/STM32F4xx_HAL_Driver/stm32f4xx_hal.o
 .debug_macro   0x00000b64      0x186 Drivers/STM32F4xx_HAL_Driver/stm32f4xx_hal.o
 .debug_macro   0x00000cea       0x31 Drivers/STM32F4xx_HAL_Driver/stm32f4xx_hal.o
 .debug_macro   0x00000d1b       0x28 Drivers/STM32F4xx_HAL_Driver/stm32f4xx_hal.o
 .debug_macro   0x00000d43       0x22 Drivers/STM32F4xx_HAL_Driver/stm32f4xx_hal.o
 .debug_macro   0x00000d65       0x44 Drivers/STM32F4xx_HAL_Driver/stm32f4xx_hal.o
 .debug_macro   0x00000da9       0x1c Drivers/STM32F4xx_HAL_Driver/stm32f4xx_hal.o
 .debug_macro   0x00000dc5      0x1f7 Drivers/STM32F4xx_HAL_Driver/stm32f4xx_hal.o
 .debug_macro   0x00000fbc       0x35 Drivers/STM32F4xx_HAL_Driver/stm32f4xx_hal.o
 .debug_macro   0x00000ff1       0x50 Drivers/STM32F4xx_HAL_Driver/stm32f4xx_hal.o
 .debug_macro   0x00001041      0xe66 Drivers/STM32F4xx_HAL_Driver/stm32f4xx_hal.o
 .debug_macro   0x00001ea7     0x93f9 Drivers/STM32F4xx_HAL_Driver/stm32f4xx_hal.o
 .debug_macro   0x0000b2a0       0x43 Drivers/STM32F4xx_HAL_Driver/stm32f4xx_hal.o
 .debug_macro   0x0000b2e3     0x347f Drivers/STM32F4xx_HAL_Driver/stm32f4xx_hal.o
 .debug_macro   0x0000e762       0x58 Drivers/STM32F4xx_HAL_Driver/stm32f4xx_hal.o
 .debug_macro   0x0000e7ba       0x35 Drivers/STM32F4xx_HAL_Driver/stm32f4xx_hal.o
 .debug_macro   0x0000e7ef       0x9c Drivers/STM32F4xx_HAL_Driver/stm32f4xx_hal.o
 .debug_macro   0x0000e88b       0x16 Drivers/STM32F4xx_HAL_Driver/stm32f4xx_hal.o
 .debug_macro   0x0000e8a1       0x97 Drivers/STM32F4xx_HAL_Driver/stm32f4xx_hal.o
 .debug_macro   0x0000e938      0x29d Drivers/STM32F4xx_HAL_Driver/stm32f4xx_hal.o
 .debug_macro   0x0000ebd5       0xef Drivers/STM32F4xx_HAL_Driver/stm32f4xx_hal.o
 .debug_macro   0x0000ecc4       0x10 Drivers/STM32F4xx_HAL_Driver/stm32f4xx_hal.o
 .debug_macro   0x0000ecd4       0x52 Drivers/STM32F4xx_HAL_Driver/stm32f4xx_hal.o
 .debug_macro   0x0000ed26       0x16 Drivers/STM32F4xx_HAL_Driver/stm32f4xx_hal.o
 .debug_macro   0x0000ed3c       0x43 Drivers/STM32F4xx_HAL_Driver/stm32f4xx_hal.o
 .debug_macro   0x0000ed7f      0x180 Drivers/STM32F4xx_HAL_Driver/stm32f4xx_hal.o
 .debug_macro   0x0000eeff       0x10 Drivers/STM32F4xx_HAL_Driver/stm32f4xx_hal.o
 .debug_macro   0x0000ef0f       0x22 Drivers/STM32F4xx_HAL_Driver/stm32f4xx_hal.o
 .debug_macro   0x0000ef31       0xbd Drivers/STM32F4xx_HAL_Driver/stm32f4xx_hal.o
 .debug_macro   0x0000efee       0x16 Drivers/STM32F4xx_HAL_Driver/stm32f4xx_hal.o
 .debug_macro   0x0000f004      0x196 Drivers/STM32F4xx_HAL_Driver/stm32f4xx_hal.o
 .debug_macro   0x0000f19a       0x50 Drivers/STM32F4xx_HAL_Driver/stm32f4xx_hal.o
 .debug_macro   0x0000f1ea      0x964 Drivers/STM32F4xx_HAL_Driver/stm32f4xx_hal.o
 .debug_macro   0x0000fb4e      0x9e1 Drivers/STM32F4xx_HAL_Driver/stm32f4xx_hal.o
 .debug_macro   0x0001052f      0x11e Drivers/STM32F4xx_HAL_Driver/stm32f4xx_hal.o
 .debug_macro   0x0001064d      0x13e Drivers/STM32F4xx_HAL_Driver/stm32f4xx_hal.o
 .debug_macro   0x0001078b       0x27 Drivers/STM32F4xx_HAL_Driver/stm32f4xx_hal.o
 .debug_macro   0x000107b2      0x287 Drivers/STM32F4xx_HAL_Driver/stm32f4xx_hal.o
 .debug_macro   0x00010a39       0x5f Drivers/STM32F4xx_HAL_Driver/stm32f4xx_hal.o
 .debug_macro   0x00010a98      0x23a Drivers/STM32F4xx_HAL_Driver/stm32f4xx_hal.o
 .debug_macro   0x00010cd2      0x13a Drivers/STM32F4xx_HAL_Driver/stm32f4xx_hal.o
 .debug_macro   0x00010e0c      0x21e Drivers/STM32F4xx_HAL_Driver/stm32f4xx_hal.o
 .debug_macro   0x0001102a       0x2e Drivers/STM32F4xx_HAL_Driver/stm32f4xx_hal.o
 .debug_macro   0x00011058      0x1a7 Drivers/STM32F4xx_HAL_Driver/stm32f4xx_hal.o
 .debug_macro   0x000111ff       0xa5 Drivers/STM32F4xx_HAL_Driver/stm32f4xx_hal.o
 .debug_macro   0x000112a4      0x11e Drivers/STM32F4xx_HAL_Driver/stm32f4xx_hal.o
 .debug_macro   0x000113c2       0x7f Drivers/STM32F4xx_HAL_Driver/stm32f4xx_hal.o
 .debug_macro   0x00011441       0x89 Drivers/STM32F4xx_HAL_Driver/stm32f4xx_hal.o
 .debug_macro   0x000114ca      0x287 Drivers/STM32F4xx_HAL_Driver/stm32f4xx_hal.o
 .debug_macro   0x00011751      0x125 Drivers/STM32F4xx_HAL_Driver/stm32f4xx_hal.o
 .debug_macro   0x00011876      0x290 Drivers/STM32F4xx_HAL_Driver/stm32f4xx_hal_cortex.o
 .debug_macro   0x00011b06      0x297 Drivers/STM32F4xx_HAL_Driver/stm32f4xx_hal_dma.o
 .debug_macro   0x00011d9d      0x2c8 Drivers/STM32F4xx_HAL_Driver/stm32f4xx_hal_gpio.o
 .debug_macro   0x00012065      0x2d7 Drivers/STM32F4xx_HAL_Driver/stm32f4xx_hal_i2c.o
 .debug_macro   0x0001233c      0x2ba Drivers/STM32F4xx_HAL_Driver/stm32f4xx_hal_rcc.o
 .debug_macro   0x000125f6      0x291 Drivers/STM32F4xx_HAL_Driver/stm32f4xx_hal_uart.o
 .debug_macro   0x00012887      0x296 Drivers/CMSIS/system_stm32f4xx.o
 .debug_macro   0x00012b1d      0x3a5 Application/User/EV_MPU6050_hal.o
 .debug_macro   0x00012ec2       0x3a Application/User/EV_MPU6050_hal.o
 .debug_macro   0x00012efc      0x29a Application/User/gpio.o
 .debug_macro   0x00013196      0x2a4 Application/User/i2c.o
 .debug_macro   0x0001343a      0x2c5 Application/User/main.o
 .debug_macro   0x000136ff      0x290 Application/User/stm32f4xx_hal_msp.o
 .debug_macro   0x0001398f      0x29a Application/User/stm32f4xx_it.o
 .debug_macro   0x00013c29      0x2a4 Application/User/usart.o

.debug_line     0x00000000     0x9601
 .debug_line    0x00000000      0x841 Drivers/STM32F4xx_HAL_Driver/stm32f4xx_hal.o
 .debug_line    0x00000841      0x952 Drivers/STM32F4xx_HAL_Driver/stm32f4xx_hal_cortex.o
 .debug_line    0x00001193      0xa96 Drivers/STM32F4xx_HAL_Driver/stm32f4xx_hal_dma.o
 .debug_line    0x00001c29      0x969 Drivers/STM32F4xx_HAL_Driver/stm32f4xx_hal_gpio.o
 .debug_line    0x00002592     0x1b71 Drivers/STM32F4xx_HAL_Driver/stm32f4xx_hal_i2c.o
 .debug_line    0x00004103      0xa9a Drivers/STM32F4xx_HAL_Driver/stm32f4xx_hal_rcc.o
 .debug_line    0x00004b9d      0xff9 Drivers/STM32F4xx_HAL_Driver/stm32f4xx_hal_uart.o
 .debug_line    0x00005b96      0x6ff Drivers/CMSIS/system_stm32f4xx.o
 .debug_line    0x00006295      0x82e Application/User/EV_MPU6050_hal.o
 .debug_line    0x00006ac3      0x6e4 Application/User/gpio.o
 .debug_line    0x000071a7      0x6e6 Application/User/i2c.o
 .debug_line    0x0000788d      0x7a9 Application/User/main.o
 .debug_line    0x00008036      0x6a9 Application/User/stm32f4xx_hal_msp.o
 .debug_line    0x000086df      0x755 Application/User/stm32f4xx_it.o
 .debug_line    0x00008e34      0x6f4 Application/User/usart.o
 .debug_line    0x00009528       0xd9 Application/SW4STM32/startup_stm32f407xx.o

.debug_str      0x00000000    0x6afcf
 .debug_str     0x00000000    0x67ff4 Drivers/STM32F4xx_HAL_Driver/stm32f4xx_hal.o
                              0x6834e (size before relaxing)
 .debug_str     0x00067ff4      0x3bb Drivers/STM32F4xx_HAL_Driver/stm32f4xx_hal_cortex.o
                              0x681c5 (size before relaxing)
 .debug_str     0x000683af      0x566 Drivers/STM32F4xx_HAL_Driver/stm32f4xx_hal_dma.o
                              0x67d69 (size before relaxing)
 .debug_str     0x00068915      0x307 Drivers/STM32F4xx_HAL_Driver/stm32f4xx_hal_gpio.o
                              0x67bd6 (size before relaxing)
 .debug_str     0x00068c1c      0xd50 Drivers/STM32F4xx_HAL_Driver/stm32f4xx_hal_i2c.o
                              0x687ce (size before relaxing)
 .debug_str     0x0006996c      0x3b3 Drivers/STM32F4xx_HAL_Driver/stm32f4xx_hal_rcc.o
                              0x67d74 (size before relaxing)
 .debug_str     0x00069d1f      0x597 Drivers/STM32F4xx_HAL_Driver/stm32f4xx_hal_uart.o
                              0x68068 (size before relaxing)
 .debug_str     0x0006a2b6       0xb4 Drivers/CMSIS/system_stm32f4xx.o
                              0x67971 (size before relaxing)
 .debug_str     0x0006a36a      0x992 Application/User/EV_MPU6050_hal.o
                              0x6866d (size before relaxing)
 .debug_str     0x0006acfc       0x50 Application/User/gpio.o
                              0x6790e (size before relaxing)
 .debug_str     0x0006ad4c       0x6c Application/User/i2c.o
                              0x67e88 (size before relaxing)
 .debug_str     0x0006adb8       0x97 Application/User/main.o
                              0x68a20 (size before relaxing)
 .debug_str     0x0006ae4f       0x46 Application/User/stm32f4xx_hal_msp.o
                              0x67cad (size before relaxing)
 .debug_str     0x0006ae95       0xf5 Application/User/stm32f4xx_it.o
                              0x67c6c (size before relaxing)
 .debug_str     0x0006af8a       0x45 Application/User/usart.o
                              0x682e8 (size before relaxing)

.comment        0x00000000       0x70
 .comment       0x00000000       0x70 Drivers/STM32F4xx_HAL_Driver/stm32f4xx_hal.o
                                 0x71 (size before relaxing)
 .comment       0x00000000       0x71 Drivers/STM32F4xx_HAL_Driver/stm32f4xx_hal_cortex.o
 .comment       0x00000000       0x71 Drivers/STM32F4xx_HAL_Driver/stm32f4xx_hal_dma.o
 .comment       0x00000000       0x71 Drivers/STM32F4xx_HAL_Driver/stm32f4xx_hal_gpio.o
 .comment       0x00000000       0x71 Drivers/STM32F4xx_HAL_Driver/stm32f4xx_hal_i2c.o
 .comment       0x00000000       0x71 Drivers/STM32F4xx_HAL_Driver/stm32f4xx_hal_rcc.o
 .comment       0x00000000       0x71 Drivers/STM32F4xx_HAL_Driver/stm32f4xx_hal_uart.o
 .comment       0x00000000       0x71 Drivers/CMSIS/system_stm32f4xx.o
 .comment       0x00000000       0x71 Application/User/EV_MPU6050_hal.o
 .comment       0x00000000       0x71 Application/User/gpio.o
 .comment       0x00000000       0x71 Application/User/i2c.o
 .comment       0x00000000       0x71 Application/User/main.o
 .comment       0x00000000       0x71 Application/User/stm32f4xx_hal_msp.o
 .comment       0x00000000       0x71 Application/User/stm32f4xx_it.o
 .comment       0x00000000       0x71 Application/User/usart.o

.debug_frame    0x00000000     0x1830
 .debug_frame   0x00000000      0x184 Drivers/STM32F4xx_HAL_Driver/stm32f4xx_hal.o
 .debug_frame   0x00000184      0x180 Drivers/STM32F4xx_HAL_Driver/stm32f4xx_hal_cortex.o
 .debug_frame   0x00000304      0x154 Drivers/STM32F4xx_HAL_Driver/stm32f4xx_hal_dma.o
 .debug_frame   0x00000458       0xf0 Drivers/STM32F4xx_HAL_Driver/stm32f4xx_hal_gpio.o
 .debug_frame   0x00000548      0x690 Drivers/STM32F4xx_HAL_Driver/stm32f4xx_hal_i2c.o
 .debug_frame   0x00000bd8      0x140 Drivers/STM32F4xx_HAL_Driver/stm32f4xx_hal_rcc.o
 .debug_frame   0x00000d18      0x38c Drivers/STM32F4xx_HAL_Driver/stm32f4xx_hal_uart.o
 .debug_frame   0x000010a4       0x30 Drivers/CMSIS/system_stm32f4xx.o
 .debug_frame   0x000010d4      0x190 Application/User/EV_MPU6050_hal.o
 .debug_frame   0x00001264       0x34 Application/User/gpio.o
 .debug_frame   0x00001298       0x58 Application/User/i2c.o
 .debug_frame   0x000012f0       0x74 Application/User/main.o
 .debug_frame   0x00001364       0x2c Application/User/stm32f4xx_hal_msp.o
 .debug_frame   0x00001390       0xbc Application/User/stm32f4xx_it.o
 .debug_frame   0x0000144c       0x70 Application/User/usart.o
 .debug_frame   0x000014bc       0x2c c:/ac6/systemworkbench/plugins/fr.ac6.mcu.externaltools.arm-none.win32_1.3.0.201507241045/tools/compiler/bin/../lib/gcc/arm-none-eabi/4.9.3/../../../../arm-none-eabi/lib/armv7e-m/fpu\libc_nano.a(lib_a-init.o)
 .debug_frame   0x000014e8       0x20 c:/ac6/systemworkbench/plugins/fr.ac6.mcu.externaltools.arm-none.win32_1.3.0.201507241045/tools/compiler/bin/../lib/gcc/arm-none-eabi/4.9.3/../../../../arm-none-eabi/lib/armv7e-m/fpu\libc_nano.a(lib_a-memset.o)
 .debug_frame   0x00001508       0x70 c:/ac6/systemworkbench/plugins/fr.ac6.mcu.externaltools.arm-none.win32_1.3.0.201507241045/tools/compiler/bin/../lib/gcc/arm-none-eabi/4.9.3/../../../../arm-none-eabi/lib/armv7e-m/fpu\libc_nano.a(lib_a-sprintf.o)
 .debug_frame   0x00001578       0x8c c:/ac6/systemworkbench/plugins/fr.ac6.mcu.externaltools.arm-none.win32_1.3.0.201507241045/tools/compiler/bin/../lib/gcc/arm-none-eabi/4.9.3/../../../../arm-none-eabi/lib/armv7e-m/fpu\libc_nano.a(lib_a-nano-svfprintf.o)
 .debug_frame   0x00001604       0x58 c:/ac6/systemworkbench/plugins/fr.ac6.mcu.externaltools.arm-none.win32_1.3.0.201507241045/tools/compiler/bin/../lib/gcc/arm-none-eabi/4.9.3/../../../../arm-none-eabi/lib/armv7e-m/fpu\libc_nano.a(lib_a-nano-vfprintf_i.o)
 .debug_frame   0x0000165c       0x28 c:/ac6/systemworkbench/plugins/fr.ac6.mcu.externaltools.arm-none.win32_1.3.0.201507241045/tools/compiler/bin/../lib/gcc/arm-none-eabi/4.9.3/../../../../arm-none-eabi/lib/armv7e-m/fpu\libc_nano.a(lib_a-memchr.o)
 .debug_frame   0x00001684       0x28 c:/ac6/systemworkbench/plugins/fr.ac6.mcu.externaltools.arm-none.win32_1.3.0.201507241045/tools/compiler/bin/../lib/gcc/arm-none-eabi/4.9.3/../../../../arm-none-eabi/lib/armv7e-m/fpu\libc_nano.a(lib_a-memcpy.o)
 .debug_frame   0x000016ac       0x28 c:/ac6/systemworkbench/plugins/fr.ac6.mcu.externaltools.arm-none.win32_1.3.0.201507241045/tools/compiler/bin/../lib/gcc/arm-none-eabi/4.9.3/../../../../arm-none-eabi/lib/armv7e-m/fpu\libc_nano.a(lib_a-memmove.o)
 .debug_frame   0x000016d4       0x2c c:/ac6/systemworkbench/plugins/fr.ac6.mcu.externaltools.arm-none.win32_1.3.0.201507241045/tools/compiler/bin/../lib/gcc/arm-none-eabi/4.9.3/../../../../arm-none-eabi/lib/armv7e-m/fpu\libc_nano.a(lib_a-nano-freer.o)
 .debug_frame   0x00001700       0x2c c:/ac6/systemworkbench/plugins/fr.ac6.mcu.externaltools.arm-none.win32_1.3.0.201507241045/tools/compiler/bin/../lib/gcc/arm-none-eabi/4.9.3/../../../../arm-none-eabi/lib/armv7e-m/fpu\libc_nano.a(lib_a-nano-mallocr.o)
 .debug_frame   0x0000172c       0x3c c:/ac6/systemworkbench/plugins/fr.ac6.mcu.externaltools.arm-none.win32_1.3.0.201507241045/tools/compiler/bin/../lib/gcc/arm-none-eabi/4.9.3/../../../../arm-none-eabi/lib/armv7e-m/fpu\libc_nano.a(lib_a-nano-reallocr.o)
 .debug_frame   0x00001768       0x2c c:/ac6/systemworkbench/plugins/fr.ac6.mcu.externaltools.arm-none.win32_1.3.0.201507241045/tools/compiler/bin/../lib/gcc/arm-none-eabi/4.9.3/../../../../arm-none-eabi/lib/armv7e-m/fpu\libc_nano.a(lib_a-sbrkr.o)
 .debug_frame   0x00001794       0x20 c:/ac6/systemworkbench/plugins/fr.ac6.mcu.externaltools.arm-none.win32_1.3.0.201507241045/tools/compiler/bin/../lib/gcc/arm-none-eabi/4.9.3/../../../../arm-none-eabi/lib/armv7e-m/fpu\libc_nano.a(lib_a-nano-msizer.o)
 .debug_frame   0x000017b4       0x5c c:/ac6/systemworkbench/plugins/fr.ac6.mcu.externaltools.arm-none.win32_1.3.0.201507241045/tools/compiler/bin/../lib/gcc/arm-none-eabi/4.9.3/../../../../arm-none-eabi/lib/armv7e-m/fpu\libc_nano.a(lib_a-reent.o)
 .debug_frame   0x00001810       0x20 c:/ac6/systemworkbench/plugins/fr.ac6.mcu.externaltools.arm-none.win32_1.3.0.201507241045/tools/compiler/bin/../lib/gcc/arm-none-eabi/4.9.3/../../../../arm-none-eabi/lib/armv7e-m/fpu\libnosys.a(sbrk.o)
